Archive member included to satisfy reference by file (symbol)

/usr/lib/gcc/arm-none-eabi/9.2.1/thumb/v6-m/nofp/libgcc.a(_dvmd_tls.o)
                              CMakeFiles/test.dir/home/chapahrroh/RB_pico/pico/pico-sdk/src/rp2_common/pico_divider/divider.S.obj (__aeabi_idiv0)
/usr/lib/gcc/arm-none-eabi/9.2.1/../../../arm-none-eabi/lib/thumb/v6-m/nofp/libg.a(lib_a-atexit.o)
                              /usr/lib/gcc/arm-none-eabi/9.2.1/../../../arm-none-eabi/lib/thumb/v6-m/nofp/crt0.o (atexit)
/usr/lib/gcc/arm-none-eabi/9.2.1/../../../arm-none-eabi/lib/thumb/v6-m/nofp/libg.a(lib_a-calloc.o)
                              CMakeFiles/test.dir/home/chapahrroh/RB_pico/pico/pico-sdk/src/rp2_common/pico_malloc/pico_malloc.c.obj (calloc)
/usr/lib/gcc/arm-none-eabi/9.2.1/../../../arm-none-eabi/lib/thumb/v6-m/nofp/libg.a(lib_a-callocr.o)
                              /usr/lib/gcc/arm-none-eabi/9.2.1/../../../arm-none-eabi/lib/thumb/v6-m/nofp/libg.a(lib_a-calloc.o) (_calloc_r)
/usr/lib/gcc/arm-none-eabi/9.2.1/../../../arm-none-eabi/lib/thumb/v6-m/nofp/libg.a(lib_a-ctype_.o)
                              CMakeFiles/test.dir/home/chapahrroh/RB_pico/pico/pico-sdk/lib/tinyusb/src/tusb.c.obj (_ctype_)
/usr/lib/gcc/arm-none-eabi/9.2.1/../../../arm-none-eabi/lib/thumb/v6-m/nofp/libg.a(lib_a-fini.o)
                              /usr/lib/gcc/arm-none-eabi/9.2.1/../../../arm-none-eabi/lib/thumb/v6-m/nofp/crt0.o (__libc_fini_array)
/usr/lib/gcc/arm-none-eabi/9.2.1/../../../arm-none-eabi/lib/thumb/v6-m/nofp/libg.a(lib_a-impure.o)
                              /usr/lib/gcc/arm-none-eabi/9.2.1/../../../arm-none-eabi/lib/thumb/v6-m/nofp/libg.a(lib_a-calloc.o) (_impure_ptr)
/usr/lib/gcc/arm-none-eabi/9.2.1/../../../arm-none-eabi/lib/thumb/v6-m/nofp/libg.a(lib_a-init.o)
                              /usr/lib/gcc/arm-none-eabi/9.2.1/../../../arm-none-eabi/lib/thumb/v6-m/nofp/crt0.o (__libc_init_array)
/usr/lib/gcc/arm-none-eabi/9.2.1/../../../arm-none-eabi/lib/thumb/v6-m/nofp/libg.a(lib_a-malloc.o)
                              CMakeFiles/test.dir/home/chapahrroh/RB_pico/pico/pico-sdk/src/rp2_common/pico_malloc/pico_malloc.c.obj (malloc)
/usr/lib/gcc/arm-none-eabi/9.2.1/../../../arm-none-eabi/lib/thumb/v6-m/nofp/libg.a(lib_a-mallocr.o)
                              /usr/lib/gcc/arm-none-eabi/9.2.1/../../../arm-none-eabi/lib/thumb/v6-m/nofp/libg.a(lib_a-callocr.o) (_malloc_r)
/usr/lib/gcc/arm-none-eabi/9.2.1/../../../arm-none-eabi/lib/thumb/v6-m/nofp/libg.a(lib_a-mlock.o)
                              /usr/lib/gcc/arm-none-eabi/9.2.1/../../../arm-none-eabi/lib/thumb/v6-m/nofp/libg.a(lib_a-mallocr.o) (__malloc_lock)
/usr/lib/gcc/arm-none-eabi/9.2.1/../../../arm-none-eabi/lib/thumb/v6-m/nofp/libg.a(lib_a-realloc.o)
                              CMakeFiles/test.dir/home/chapahrroh/RB_pico/pico/pico-sdk/src/rp2_common/pico_malloc/pico_malloc.c.obj (realloc)
/usr/lib/gcc/arm-none-eabi/9.2.1/../../../arm-none-eabi/lib/thumb/v6-m/nofp/libg.a(lib_a-reallocr.o)
                              /usr/lib/gcc/arm-none-eabi/9.2.1/../../../arm-none-eabi/lib/thumb/v6-m/nofp/libg.a(lib_a-realloc.o) (_realloc_r)
/usr/lib/gcc/arm-none-eabi/9.2.1/../../../arm-none-eabi/lib/thumb/v6-m/nofp/libg.a(lib_a-sbrkr.o)
                              /usr/lib/gcc/arm-none-eabi/9.2.1/../../../arm-none-eabi/lib/thumb/v6-m/nofp/libg.a(lib_a-mallocr.o) (_sbrk_r)
/usr/lib/gcc/arm-none-eabi/9.2.1/../../../arm-none-eabi/lib/thumb/v6-m/nofp/libg.a(lib_a-strlen-stub.o)
                              CMakeFiles/test.dir/home/chapahrroh/RB_pico/pico/pico-sdk/src/rp2_common/pico_stdio/stdio.c.obj (strlen)
/usr/lib/gcc/arm-none-eabi/9.2.1/../../../arm-none-eabi/lib/thumb/v6-m/nofp/libg.a(lib_a-__atexit.o)
                              /usr/lib/gcc/arm-none-eabi/9.2.1/../../../arm-none-eabi/lib/thumb/v6-m/nofp/libg.a(lib_a-atexit.o) (__register_exitproc)
/usr/lib/gcc/arm-none-eabi/9.2.1/../../../arm-none-eabi/lib/thumb/v6-m/nofp/libg.a(lib_a-freer.o)
                              /usr/lib/gcc/arm-none-eabi/9.2.1/../../../arm-none-eabi/lib/thumb/v6-m/nofp/libg.a(lib_a-malloc.o) (_free_r)
/usr/lib/gcc/arm-none-eabi/9.2.1/../../../arm-none-eabi/lib/thumb/v6-m/nofp/libg.a(lib_a-memmove.o)
                              /usr/lib/gcc/arm-none-eabi/9.2.1/../../../arm-none-eabi/lib/thumb/v6-m/nofp/libg.a(lib_a-reallocr.o) (memmove)
/usr/lib/gcc/arm-none-eabi/9.2.1/../../../arm-none-eabi/lib/thumb/v6-m/nofp/libg.a(lib_a-reent.o)
                              /usr/lib/gcc/arm-none-eabi/9.2.1/../../../arm-none-eabi/lib/thumb/v6-m/nofp/libg.a(lib_a-sbrkr.o) (errno)

Allocating common symbols
Common symbol       size              file

sf_table            0x100             CMakeFiles/test.dir/home/chapahrroh/RB_pico/pico/pico-sdk/src/rp2_common/pico_float/float_init_rom.c.obj
errno               0x4               /usr/lib/gcc/arm-none-eabi/9.2.1/../../../arm-none-eabi/lib/thumb/v6-m/nofp/libg.a(lib_a-reent.o)
[...]
Memory Configuration

Name             Origin             Length             Attributes
FLASH            0x0000000010000000 0x0000000000200000 xr
RAM              0x0000000020000000 0x0000000000040000 xrw
SCRATCH_X        0x0000000020040000 0x0000000000001000 xrw
SCRATCH_Y        0x0000000020041000 0x0000000000001000 xrw
*default*        0x0000000000000000 0xffffffffffffffff

Linker script and memory map

LOAD /usr/lib/gcc/arm-none-eabi/9.2.1/thumb/v6-m/nofp/crti.o
LOAD /usr/lib/gcc/arm-none-eabi/9.2.1/thumb/v6-m/nofp/crtbegin.o
LOAD /usr/lib/gcc/arm-none-eabi/9.2.1/../../../arm-none-eabi/lib/thumb/v6-m/nofp/crt0.o

.flash_begin    0x0000000010000000        0x0
                0x0000000010000000                __flash_binary_start = .

.boot2          0x0000000010000000      0x100
                0x0000000010000000                __boot2_start__ = .
 *(.boot2)
 .boot2         0x0000000010000000      0x100 /tmp/ccVSHOo9.o
                0x0000000010000100                __boot2_end__ = .
                0x0000000000000001                ASSERT (((__boot2_end__ - __boot2_start__) == 0x100), ERROR: Pico second stage bootloader must be 256 bytes in size)

.text           0x0000000010000100     0x4060
                0x0000000010000100                __logical_binary_start = .
 *(.vectors)
 .vectors       0x0000000010000100       0xd4 CMakeFiles/test.dir/home/chapahrroh/RB_pico/pico/pico-sdk/src/rp2_common/pico_standard_link/crt0.S.obj
                0x0000000010000100                __vectors
                0x0000000010000100                __VECTOR_TABLE
                0x00000000100001c0                isr_invalid
                0x00000000100001c0                __default_isrs_start
                0x00000000100001c2                isr_nmi
                0x00000000100001c4                isr_hardfault
                0x00000000100001c6                isr_svcall
                0x00000000100001c8                isr_pendsv
                0x00000000100001ca                isr_systick
                0x00000000100001cc                isr_irq30
                0x00000000100001cc                __unhandled_user_irq
                0x00000000100001cc                isr_irq13
                0x00000000100001cc                isr_irq27
                0x00000000100001cc                isr_irq31
                0x00000000100001cc                isr_irq5
                0x00000000100001cc                isr_irq11
                0x00000000100001cc                isr_irq23
                0x00000000100001cc                isr_irq18
                0x00000000100001cc                isr_irq28
                0x00000000100001cc                isr_irq19
                0x00000000100001cc                isr_irq0
                0x00000000100001cc                isr_irq6
                0x00000000100001cc                isr_irq22
                0x00000000100001cc                isr_irq17
                0x00000000100001cc                isr_irq14
                0x00000000100001cc                isr_irq2
                0x00000000100001cc                isr_irq10
                0x00000000100001cc                isr_irq8
                0x00000000100001cc                isr_irq24
                0x00000000100001cc                isr_irq1
                0x00000000100001cc                isr_irq7
                0x00000000100001cc                isr_irq21
                0x00000000100001cc                isr_irq20
                0x00000000100001cc                isr_irq15
                0x00000000100001cc                isr_irq25
                0x00000000100001cc                isr_irq4
                0x00000000100001cc                isr_irq16
                0x00000000100001cc                isr_irq29
                0x00000000100001cc                isr_irq26
                0x00000000100001cc                __default_isrs_end
                0x00000000100001cc                isr_irq3
                0x00000000100001cc                isr_irq12
                0x00000000100001cc                isr_irq9
                0x00000000100001d2                unhandled_user_irq_num_in_r0
 *(.binary_info_header)
 .binary_info_header
                0x00000000100001d4       0x14 CMakeFiles/test.dir/home/chapahrroh/RB_pico/pico/pico-sdk/src/rp2_common/pico_standard_link/crt0.S.obj
                0x00000000100001e8                __binary_info_header_end = .
 *(.reset)
 .reset         0x00000000100001e8       0xa8 CMakeFiles/test.dir/home/chapahrroh/RB_pico/pico/pico-sdk/src/rp2_common/pico_standard_link/crt0.S.obj
                0x00000000100001e8                _entry_point
                0x0000000010000266                __get_current_exception
 .reset         0x0000000010000290       0x30 CMakeFiles/test.dir/home/chapahrroh/RB_pico/pico/pico-sdk/src/rp2_common/pico_standard_link/binary_info.c.obj
 *(.init)
 .init          0x00000000100002c0        0x4 /usr/lib/gcc/arm-none-eabi/9.2.1/thumb/v6-m/nofp/crti.o
                0x00000000100002c0                _init
 *(EXCLUDE_FILE(*libm.a: *libc.a:*lib_a-mem*.o *libgcc.a:) .text*)
 .text          0x00000000100002c4       0x98 /usr/lib/gcc/arm-none-eabi/9.2.1/thumb/v6-m/nofp/crtbegin.o
 .text.main     0x000000001000035c       0x18 CMakeFiles/test.dir/test.c.obj
                0x000000001000035c                main
 .text.hw_claim_lock
                0x0000000010000374       0x18 CMakeFiles/test.dir/home/chapahrroh/RB_pico/pico/pico-sdk/src/rp2_common/hardware_claim/claim.c.obj
                0x0000000010000374                hw_claim_lock
 .text.hw_claim_unlock
                0x000000001000038c       0x14 CMakeFiles/test.dir/home/chapahrroh/RB_pico/pico/pico-sdk/src/rp2_common/hardware_claim/claim.c.obj
                0x000000001000038c                hw_claim_unlock
 .text.hw_claim_or_assert
                0x00000000100003a0       0x32 CMakeFiles/test.dir/home/chapahrroh/RB_pico/pico/pico-sdk/src/rp2_common/hardware_claim/claim.c.obj
                0x00000000100003a0                hw_claim_or_assert
 *fill*         0x00000000100003d2        0x2 
 .text.running_on_fpga
                0x00000000100003d4       0x14 CMakeFiles/test.dir/home/chapahrroh/RB_pico/pico/pico-sdk/src/rp2_common/pico_platform/platform.c.obj
                0x00000000100003d4                running_on_fpga
 .text.spin_locks_reset
                0x00000000100003e8       0x20 CMakeFiles/test.dir/home/chapahrroh/RB_pico/pico/pico-sdk/src/rp2_common/hardware_sync/sync.c.obj
                0x00000000100003e8                spin_locks_reset
 .text.next_striped_spin_lock_num
                0x0000000010000408       0x1c CMakeFiles/test.dir/home/chapahrroh/RB_pico/pico/pico-sdk/src/rp2_common/hardware_sync/sync.c.obj
                0x0000000010000408                next_striped_spin_lock_num
 .text.set_raw_irq_handler_and_unlock
                0x0000000010000424       0x28 CMakeFiles/test.dir/home/chapahrroh/RB_pico/pico/pico-sdk/src/rp2_common/hardware_irq/irq.c.obj
 .text.make_branch
                0x000000001000044c       0x48 CMakeFiles/test.dir/home/chapahrroh/RB_pico/pico/pico-sdk/src/rp2_common/hardware_irq/irq.c.obj
 .text.insert_branch_and_link
                0x0000000010000494       0x40 CMakeFiles/test.dir/home/chapahrroh/RB_pico/pico/pico-sdk/src/rp2_common/hardware_irq/irq.c.obj
 .text.irq_is_enabled
                0x00000000100004d4       0x18 CMakeFiles/test.dir/home/chapahrroh/RB_pico/pico/pico-sdk/src/rp2_common/hardware_irq/irq.c.obj
                0x00000000100004d4                irq_is_enabled
 .text.irq_set_mask_enabled
                0x00000000100004ec       0x20 CMakeFiles/test.dir/home/chapahrroh/RB_pico/pico/pico-sdk/src/rp2_common/hardware_irq/irq.c.obj
                0x00000000100004ec                irq_set_mask_enabled
 .text.irq_set_enabled
                0x000000001000050c        0xe CMakeFiles/test.dir/home/chapahrroh/RB_pico/pico/pico-sdk/src/rp2_common/hardware_irq/irq.c.obj
                0x000000001000050c                irq_set_enabled
 *fill*         0x000000001000051a        0x2 
 .text.irq_get_vtable_handler
                0x000000001000051c       0x10 CMakeFiles/test.dir/home/chapahrroh/RB_pico/pico/pico-sdk/src/rp2_common/hardware_irq/irq.c.obj
                0x000000001000051c                irq_get_vtable_handler
 .text.irq_set_exclusive_handler
                0x000000001000052c       0x54 CMakeFiles/test.dir/home/chapahrroh/RB_pico/pico/pico-sdk/src/rp2_common/hardware_irq/irq.c.obj
                0x000000001000052c                irq_set_exclusive_handler
 .text.irq_remove_handler
                0x0000000010000580      0x1a8 CMakeFiles/test.dir/home/chapahrroh/RB_pico/pico/pico-sdk/src/rp2_common/hardware_irq/irq.c.obj
                0x0000000010000580                irq_remove_handler
 .text.irq_add_tail_to_free_list
                0x0000000010000728       0xf0 CMakeFiles/test.dir/home/chapahrroh/RB_pico/pico/pico-sdk/src/rp2_common/hardware_irq/irq.c.obj
                0x0000000010000728                irq_add_tail_to_free_list
 .text.irq_init_priorities
                0x0000000010000818       0x1c CMakeFiles/test.dir/home/chapahrroh/RB_pico/pico/pico-sdk/src/rp2_common/hardware_irq/irq.c.obj
                0x0000000010000818                irq_init_priorities
 .text.lock_init
                0x0000000010000834       0x10 CMakeFiles/test.dir/home/chapahrroh/RB_pico/pico/pico-sdk/src/common/pico_sync/lock_core.c.obj
                0x0000000010000834                lock_init
 .text.alarm_pool_post_alloc_init
                0x0000000010000844       0x40 CMakeFiles/test.dir/home/chapahrroh/RB_pico/pico/pico-sdk/src/common/pico_time/time.c.obj
 .text.sleep_until_callback
                0x0000000010000884       0x30 CMakeFiles/test.dir/home/chapahrroh/RB_pico/pico/pico-sdk/src/common/pico_time/time.c.obj
 .text.timer_pool_entry_comparator
                0x00000000100008b4       0x7c CMakeFiles/test.dir/home/chapahrroh/RB_pico/pico/pico-sdk/src/common/pico_time/time.c.obj
                0x00000000100008b4                timer_pool_entry_comparator
 .text.ph_add_child_node
                0x0000000010000930       0xa4 CMakeFiles/test.dir/home/chapahrroh/RB_pico/pico/pico-sdk/src/common/pico_time/time.c.obj
 .text.ph_merge_nodes
                0x00000000100009d4       0x3e CMakeFiles/test.dir/home/chapahrroh/RB_pico/pico/pico-sdk/src/common/pico_time/time.c.obj
 *fill*         0x0000000010000a12        0x2 
 .text.add_alarm_under_lock
                0x0000000010000a14      0x174 CMakeFiles/test.dir/home/chapahrroh/RB_pico/pico/pico-sdk/src/common/pico_time/time.c.obj
 .text.alarm_pool_alarm_callback
                0x0000000010000b88      0x32c CMakeFiles/test.dir/home/chapahrroh/RB_pico/pico/pico-sdk/src/common/pico_time/time.c.obj
 .text.alarm_pool_init_default
                0x0000000010000eb4       0x38 CMakeFiles/test.dir/home/chapahrroh/RB_pico/pico/pico-sdk/src/common/pico_time/time.c.obj
                0x0000000010000eb4                alarm_pool_init_default
 .text.alarm_pool_get_default
                0x0000000010000eec       0x2c CMakeFiles/test.dir/home/chapahrroh/RB_pico/pico/pico-sdk/src/common/pico_time/time.c.obj
                0x0000000010000eec                alarm_pool_get_default
 .text.alarm_pool_add_alarm_at
                0x0000000010000f18      0x170 CMakeFiles/test.dir/home/chapahrroh/RB_pico/pico/pico-sdk/src/common/pico_time/time.c.obj
                0x0000000010000f18                alarm_pool_add_alarm_at
 .text.sleep_until
                0x0000000010001088       0xfc CMakeFiles/test.dir/home/chapahrroh/RB_pico/pico/pico-sdk/src/common/pico_time/time.c.obj
                0x0000000010001088                sleep_until
 .text.sleep_us
                0x0000000010001184       0x58 CMakeFiles/test.dir/home/chapahrroh/RB_pico/pico/pico-sdk/src/common/pico_time/time.c.obj
                0x0000000010001184                sleep_us
 .text.sleep_ms
                0x00000000100011dc       0x14 CMakeFiles/test.dir/home/chapahrroh/RB_pico/pico/pico-sdk/src/common/pico_time/time.c.obj
                0x00000000100011dc                sleep_ms
 .text.hardware_alarm_irq_handler
                0x00000000100011f0       0x8c CMakeFiles/test.dir/home/chapahrroh/RB_pico/pico/pico-sdk/src/rp2_common/hardware_timer/timer.c.obj
 .text.hardware_alarm_claim
                0x000000001000127c       0x18 CMakeFiles/test.dir/home/chapahrroh/RB_pico/pico/pico-sdk/src/rp2_common/hardware_timer/timer.c.obj
                0x000000001000127c                hardware_alarm_claim
 .text.time_us_64
                0x0000000010001294       0x18 CMakeFiles/test.dir/home/chapahrroh/RB_pico/pico/pico-sdk/src/rp2_common/hardware_timer/timer.c.obj
                0x0000000010001294                time_us_64
 .text.busy_wait_until
                0x00000000100012ac       0x24 CMakeFiles/test.dir/home/chapahrroh/RB_pico/pico/pico-sdk/src/rp2_common/hardware_timer/timer.c.obj
                0x00000000100012ac                busy_wait_until
 .text.hardware_alarm_set_callback
                0x00000000100012d0       0x90 CMakeFiles/test.dir/home/chapahrroh/RB_pico/pico/pico-sdk/src/rp2_common/hardware_timer/timer.c.obj
                0x00000000100012d0                hardware_alarm_set_callback
 .text.hardware_alarm_set_target
                0x0000000010001360       0xe8 CMakeFiles/test.dir/home/chapahrroh/RB_pico/pico/pico-sdk/src/rp2_common/hardware_timer/timer.c.obj
                0x0000000010001360                hardware_alarm_set_target
 .text.hardware_alarm_cancel
                0x0000000010001448       0x40 CMakeFiles/test.dir/home/chapahrroh/RB_pico/pico/pico-sdk/src/rp2_common/hardware_timer/timer.c.obj
                0x0000000010001448                hardware_alarm_cancel
 .text.ph_add_child_node
                0x0000000010001488       0xa4 CMakeFiles/test.dir/home/chapahrroh/RB_pico/pico/pico-sdk/src/common/pico_util/pheap.c.obj
 .text.ph_merge_nodes
                0x000000001000152c       0x3e CMakeFiles/test.dir/home/chapahrroh/RB_pico/pico/pico-sdk/src/common/pico_util/pheap.c.obj
 *fill*         0x000000001000156a        0x2 
 .text.ph_clear
                0x000000001000156c       0x70 CMakeFiles/test.dir/home/chapahrroh/RB_pico/pico/pico-sdk/src/common/pico_util/pheap.c.obj
                0x000000001000156c                ph_clear
 .text.ph_post_alloc_init
                0x00000000100015dc        0xe CMakeFiles/test.dir/home/chapahrroh/RB_pico/pico/pico-sdk/src/common/pico_util/pheap.c.obj
                0x00000000100015dc                ph_post_alloc_init
 *fill*         0x00000000100015ea        0x2 
 .text.ph_merge_two_pass
                0x00000000100015ec       0xa8 CMakeFiles/test.dir/home/chapahrroh/RB_pico/pico/pico-sdk/src/common/pico_util/pheap.c.obj
                0x00000000100015ec                ph_merge_two_pass
 .text.ph_remove_any_head
                0x0000000010001694      0x108 CMakeFiles/test.dir/home/chapahrroh/RB_pico/pico/pico-sdk/src/common/pico_util/pheap.c.obj
 .text.ph_remove_head
                0x000000001000179c       0x14 CMakeFiles/test.dir/home/chapahrroh/RB_pico/pico/pico-sdk/src/common/pico_util/pheap.c.obj
                0x000000001000179c                ph_remove_head
 .text.ph_remove_and_free_node
                0x00000000100017b0       0xf8 CMakeFiles/test.dir/home/chapahrroh/RB_pico/pico/pico-sdk/src/common/pico_util/pheap.c.obj
                0x00000000100017b0                ph_remove_and_free_node
 .text.mutex_init
                0x00000000100018a8       0x1a CMakeFiles/test.dir/home/chapahrroh/RB_pico/pico/pico-sdk/src/common/pico_sync/mutex.c.obj
                0x00000000100018a8                mutex_init
 .text.recursive_mutex_init
                0x00000000100018c2       0x1e CMakeFiles/test.dir/home/chapahrroh/RB_pico/pico/pico-sdk/src/common/pico_sync/mutex.c.obj
                0x00000000100018c2                recursive_mutex_init
 .text._exit    0x00000000100018e0        0x4 CMakeFiles/test.dir/home/chapahrroh/RB_pico/pico/pico-sdk/src/rp2_common/pico_runtime/runtime.c.obj
                0x00000000100018e0                _exit
 .text.exit     0x00000000100018e4        0x6 CMakeFiles/test.dir/home/chapahrroh/RB_pico/pico/pico-sdk/src/rp2_common/pico_runtime/runtime.c.obj
                0x00000000100018e4                exit
 *fill*         0x00000000100018ea        0x2 
 .text.__assert_func
                0x00000000100018ec       0x3c CMakeFiles/test.dir/home/chapahrroh/RB_pico/pico/pico-sdk/src/rp2_common/pico_runtime/runtime.c.obj
                0x00000000100018ec                __assert_func
 .text.runtime_init
                0x0000000010001928       0xf8 CMakeFiles/test.dir/home/chapahrroh/RB_pico/pico/pico-sdk/src/rp2_common/pico_runtime/runtime.c.obj
                0x0000000010001928                runtime_init
 .text.panic    0x0000000010001a20       0x30 CMakeFiles/test.dir/home/chapahrroh/RB_pico/pico/pico-sdk/src/rp2_common/pico_runtime/runtime.c.obj
                0x0000000010001a20                panic
 .text.clock_configure
                0x0000000010001a50      0x104 CMakeFiles/test.dir/home/chapahrroh/RB_pico/pico/pico-sdk/src/rp2_common/hardware_clocks/clocks.c.obj
                0x0000000010001a50                clock_configure
 .text.clocks_init
                0x0000000010001b54      0x100 CMakeFiles/test.dir/home/chapahrroh/RB_pico/pico/pico-sdk/src/rp2_common/hardware_clocks/clocks.c.obj
                0x0000000010001b54                clocks_init
 .text.pll_init
                0x0000000010001c54      0x140 CMakeFiles/test.dir/home/chapahrroh/RB_pico/pico/pico-sdk/src/rp2_common/hardware_pll/pll.c.obj
                0x0000000010001c54                pll_init
 .text.watchdog_start_tick
                0x0000000010001d94       0x10 CMakeFiles/test.dir/home/chapahrroh/RB_pico/pico/pico-sdk/src/rp2_common/hardware_watchdog/watchdog.c.obj
                0x0000000010001d94                watchdog_start_tick
 .text.xosc_init
                0x0000000010001da4       0x28 CMakeFiles/test.dir/home/chapahrroh/RB_pico/pico/pico-sdk/src/rp2_common/hardware_xosc/xosc.c.obj
                0x0000000010001da4                xosc_init
 .text._out_null
                0x0000000010001dcc        0x2 CMakeFiles/test.dir/home/chapahrroh/RB_pico/pico/pico-sdk/src/rp2_common/pico_printf/printf.c.obj
 .text._out_fct
                0x0000000010001dce        0xe CMakeFiles/test.dir/home/chapahrroh/RB_pico/pico/pico-sdk/src/rp2_common/pico_printf/printf.c.obj
 .text._atoi    0x0000000010001ddc       0x24 CMakeFiles/test.dir/home/chapahrroh/RB_pico/pico/pico-sdk/src/rp2_common/pico_printf/printf.c.obj
 .text._out_rev
                0x0000000010001e00       0xae CMakeFiles/test.dir/home/chapahrroh/RB_pico/pico/pico-sdk/src/rp2_common/pico_printf/printf.c.obj
 .text._ntoa_format
                0x0000000010001eae      0x110 CMakeFiles/test.dir/home/chapahrroh/RB_pico/pico/pico-sdk/src/rp2_common/pico_printf/printf.c.obj
 .text._ntoa_long
                0x0000000010001fbe       0xbc CMakeFiles/test.dir/home/chapahrroh/RB_pico/pico/pico-sdk/src/rp2_common/pico_printf/printf.c.obj
 .text._ntoa_long_long
                0x000000001000207a       0xe2 CMakeFiles/test.dir/home/chapahrroh/RB_pico/pico/pico-sdk/src/rp2_common/pico_printf/printf.c.obj
 .text._etoa    0x000000001000215c      0x40c CMakeFiles/test.dir/home/chapahrroh/RB_pico/pico/pico-sdk/src/rp2_common/pico_printf/printf.c.obj
 .text._ftoa    0x0000000010002568      0x354 CMakeFiles/test.dir/home/chapahrroh/RB_pico/pico/pico-sdk/src/rp2_common/pico_printf/printf.c.obj
 .text._vsnprintf
                0x00000000100028bc      0x628 CMakeFiles/test.dir/home/chapahrroh/RB_pico/pico/pico-sdk/src/rp2_common/pico_printf/printf.c.obj
 .text.vfctprintf
                0x0000000010002ee4       0x20 CMakeFiles/test.dir/home/chapahrroh/RB_pico/pico/pico-sdk/src/rp2_common/pico_printf/printf.c.obj
                0x0000000010002ee4                vfctprintf
 .text          0x0000000010002f04       0x10 CMakeFiles/test.dir/home/chapahrroh/RB_pico/pico/pico-sdk/src/rp2_common/pico_bit_ops/bit_ops_aeabi.S.obj
 .text.rom_func_lookup
                0x0000000010002f14       0x10 CMakeFiles/test.dir/home/chapahrroh/RB_pico/pico/pico-sdk/src/rp2_common/pico_bootrom/bootrom.c.obj
                0x0000000010002f14                rom_func_lookup
 .text.rom_data_lookup
                0x0000000010002f24       0x10 CMakeFiles/test.dir/home/chapahrroh/RB_pico/pico/pico-sdk/src/rp2_common/pico_bootrom/bootrom.c.obj
                0x0000000010002f24                rom_data_lookup
 .text.rom_funcs_lookup
                0x0000000010002f34       0x36 CMakeFiles/test.dir/home/chapahrroh/RB_pico/pico/pico-sdk/src/rp2_common/pico_bootrom/bootrom.c.obj
                0x0000000010002f34                rom_funcs_lookup
 *fill*         0x0000000010002f6a        0x2 
 .text.__wrap___aeabi_idiv
                0x0000000010002f6c       0x50 CMakeFiles/test.dir/home/chapahrroh/RB_pico/pico/pico-sdk/src/rp2_common/pico_divider/divider.S.obj
                0x0000000010002f6c                __wrap___aeabi_idivmod
                0x0000000010002f6c                divmod_s32s32
                0x0000000010002f6c                div_s32s32
                0x0000000010002f6c                __wrap___aeabi_idiv
                0x0000000010002f74                divmod_s32s32_unsafe
                0x0000000010002fa0                divmod_s32s32_savestate
 .text.__wrap___aeabi_uidiv
                0x0000000010002fbc       0x4c CMakeFiles/test.dir/home/chapahrroh/RB_pico/pico/pico-sdk/src/rp2_common/pico_divider/divider.S.obj
                0x0000000010002fbc                __wrap___aeabi_uidiv
                0x0000000010002fbc                __wrap___aeabi_uidivmod
                0x0000000010002fbc                div_u32u32
                0x0000000010002fbc                divmod_u32u32
                0x0000000010002fc4                divmod_u32u32_unsafe
                0x0000000010002fec                divmod_u32u32_savestate
 .text.__wrap___aeabi_ldiv
                0x0000000010003008      0x434 CMakeFiles/test.dir/home/chapahrroh/RB_pico/pico/pico-sdk/src/rp2_common/pico_divider/divider.S.obj
                0x0000000010003008                div_s64s64
                0x0000000010003008                divmod_s64s64
                0x0000000010003008                __wrap___aeabi_ldivmod
                0x0000000010003040                div_u64u64
                0x0000000010003040                divmod_u64u64
                0x0000000010003040                __wrap___aeabi_uldivmod
                0x0000000010003050                divmod_u64u64_savestate
                0x0000000010003078                divmod_s64s64_unsafe
                0x0000000010003100                divmod_u64u64_unsafe
 .text.__wrap___aeabi_darithmetic
                0x000000001000343c       0x80 CMakeFiles/test.dir/home/chapahrroh/RB_pico/pico/pico-sdk/src/rp2_common/pico_double/double_aeabi.S.obj
                0x000000001000343c                __wrap___aeabi_drsub
                0x0000000010003442                __wrap___aeabi_dsub
                0x0000000010003454                __wrap___aeabi_dadd
                0x0000000010003466                __wrap___aeabi_ddiv
                0x00000000100034a2                __wrap___aeabi_dmul
 .text.__wrap___aeabi_cdcmple
                0x00000000100034bc       0x6c CMakeFiles/test.dir/home/chapahrroh/RB_pico/pico/pico-sdk/src/rp2_common/pico_double/double_aeabi.S.obj
                0x00000000100034bc                __wrap___aeabi_cdrcmple
                0x00000000100034cc                __wrap___aeabi_cdcmple
                0x00000000100034cc                __wrap___aeabi_cdcmpeq
 .text.__wrap___aeabi_dcmplt
                0x0000000010003528        0xc CMakeFiles/test.dir/home/chapahrroh/RB_pico/pico/pico-sdk/src/rp2_common/pico_double/double_aeabi.S.obj
                0x0000000010003528                __wrap___aeabi_dcmplt
 .text.__wrap___aeabi_dcmple
                0x0000000010003534       0x10 CMakeFiles/test.dir/home/chapahrroh/RB_pico/pico/pico-sdk/src/rp2_common/pico_double/double_aeabi.S.obj
                0x0000000010003534                __wrap___aeabi_dcmple
 .text.__wrap___aeabi_dcmpge
                0x0000000010003544       0x10 CMakeFiles/test.dir/home/chapahrroh/RB_pico/pico/pico-sdk/src/rp2_common/pico_double/double_aeabi.S.obj
                0x0000000010003544                __wrap___aeabi_dcmpge
 .text.__wrap___aeabi_dcmpgt
                0x0000000010003554        0xa CMakeFiles/test.dir/home/chapahrroh/RB_pico/pico/pico-sdk/src/rp2_common/pico_double/double_aeabi.S.obj
                0x0000000010003554                __wrap___aeabi_dcmpgt
 .text.__wrap___aeabi_dcmpun
                0x000000001000355e       0x1c CMakeFiles/test.dir/home/chapahrroh/RB_pico/pico/pico-sdk/src/rp2_common/pico_double/double_aeabi.S.obj
                0x000000001000355e                __wrap___aeabi_dcmpun
 *fill*         0x000000001000357a        0x2 
 .text.__wrap___aeabi_i2d
                0x000000001000357c       0x38 CMakeFiles/test.dir/home/chapahrroh/RB_pico/pico/pico-sdk/src/rp2_common/pico_double/double_aeabi.S.obj
                0x000000001000357c                __wrap___aeabi_ui2d
                0x0000000010003584                __wrap___aeabi_i2d
 .text.__wrap___aeabi_d2iz
                0x00000000100035b4       0x48 CMakeFiles/test.dir/home/chapahrroh/RB_pico/pico/pico-sdk/src/rp2_common/pico_double/double_aeabi.S.obj
                0x00000000100035b4                __wrap___aeabi_d2iz
                0x00000000100035b4                double2int_z
 .text.__wrap___aeabi_d2uiz
                0x00000000100035fc       0x18 CMakeFiles/test.dir/home/chapahrroh/RB_pico/pico/pico-sdk/src/rp2_common/pico_double/double_aeabi.S.obj
                0x00000000100035fc                double2uint
                0x00000000100035fc                __wrap___aeabi_d2uiz
 .text.__aeabi_double_init
                0x0000000010003614       0xc8 CMakeFiles/test.dir/home/chapahrroh/RB_pico/pico/pico-sdk/src/rp2_common/pico_double/double_init_rom.c.obj
                0x0000000010003614                __aeabi_double_init
 .text.double_table_shim_on_use_helper
                0x00000000100036dc       0x34 CMakeFiles/test.dir/home/chapahrroh/RB_pico/pico/pico-sdk/src/rp2_common/pico_double/double_v1_rom_shim.S.obj
                0x00000000100036dc                double_table_shim_on_use_helper
 .text.__wrap___aeabi_dsub
                0x0000000010003710       0x10 CMakeFiles/test.dir/home/chapahrroh/RB_pico/pico/pico-sdk/src/rp2_common/pico_double/double_v1_rom_shim.S.obj
                0x0000000010003710                drsub_shim
                0x0000000010003716                dsub_shim
 .text.dadd_shim
                0x0000000010003720      0x15c CMakeFiles/test.dir/home/chapahrroh/RB_pico/pico/pico-sdk/src/rp2_common/pico_double/double_v1_rom_shim.S.obj
                0x0000000010003720                dadd_shim
 .text.dmul_shim
                0x000000001000387c      0x15c CMakeFiles/test.dir/home/chapahrroh/RB_pico/pico/pico-sdk/src/rp2_common/pico_double/double_v1_rom_shim.S.obj
                0x000000001000387c                dmul_shim
 .text.ddiv_shim
                0x00000000100039d8      0x1b0 CMakeFiles/test.dir/home/chapahrroh/RB_pico/pico/pico-sdk/src/rp2_common/pico_double/double_v1_rom_shim.S.obj
                0x00000000100039d8                ddiv_shim
 .text.double2uint_shim
                0x0000000010003b88        0xe CMakeFiles/test.dir/home/chapahrroh/RB_pico/pico/pico-sdk/src/rp2_common/pico_double/double_v1_rom_shim.S.obj
                0x0000000010003b88                double2uint_shim
                0x0000000010003b8a                double2ufix_shim
 *fill*         0x0000000010003b96        0x2 
 .text.double2uint64_shim
                0x0000000010003b98       0x70 CMakeFiles/test.dir/home/chapahrroh/RB_pico/pico/pico-sdk/src/rp2_common/pico_double/double_v1_rom_shim.S.obj
                0x0000000010003b98                double2uint64_shim
                0x0000000010003b9a                double2ufix64_shim
                0x0000000010003bba                d2fix_a
 .text.dunpacks
                0x0000000010003c08       0x3c CMakeFiles/test.dir/home/chapahrroh/RB_pico/pico/pico-sdk/src/rp2_common/pico_double/double_v1_rom_shim.S.obj
                0x0000000010003c08                dunpacks
 .text.__aeabi_lmul
                0x0000000010003c44       0x32 CMakeFiles/test.dir/home/chapahrroh/RB_pico/pico/pico-sdk/src/rp2_common/pico_int64_ops/pico_int64_ops_aeabi.S.obj
                0x0000000010003c44                __wrap___aeabi_lmul
 *fill*         0x0000000010003c76        0x2 
 .text.__aeabi_float_init
                0x0000000010003c78       0xfc CMakeFiles/test.dir/home/chapahrroh/RB_pico/pico/pico-sdk/src/rp2_common/pico_float/float_init_rom.c.obj
                0x0000000010003c78                __aeabi_float_init
 .text.float_table_shim_on_use_helper
                0x0000000010003d74       0x34 CMakeFiles/test.dir/home/chapahrroh/RB_pico/pico/pico-sdk/src/rp2_common/pico_float/float_v1_rom_shim.S.obj
                0x0000000010003d74                float_table_shim_on_use_helper
 .text          0x0000000010003da8       0x10 CMakeFiles/test.dir/home/chapahrroh/RB_pico/pico/pico-sdk/src/rp2_common/pico_mem_ops/mem_ops_aeabi.S.obj
                0x0000000010003da8                __aeabi_mem_init
 .text.memset   0x0000000010003db8        0xc CMakeFiles/test.dir/home/chapahrroh/RB_pico/pico/pico-sdk/src/rp2_common/pico_mem_ops/mem_ops_aeabi.S.obj
                0x0000000010003db8                __wrap_memset
 .text.memcpy   0x0000000010003dc4        0xc CMakeFiles/test.dir/home/chapahrroh/RB_pico/pico/pico-sdk/src/rp2_common/pico_mem_ops/mem_ops_aeabi.S.obj
                0x0000000010003dc4                __wrap___aeabi_memcpy
                0x0000000010003dc4                __wrap_memcpy
 .text.stdio_out_chars_no_crlf
                0x0000000010003dd0        0xe CMakeFiles/test.dir/home/chapahrroh/RB_pico/pico/pico-sdk/src/rp2_common/pico_stdio/stdio.c.obj
 *fill*         0x0000000010003dde        0x2 
 .text.stdio_out_chars_crlf
                0x0000000010003de0       0x80 CMakeFiles/test.dir/home/chapahrroh/RB_pico/pico/pico-sdk/src/rp2_common/pico_stdio/stdio.c.obj
 .text.stdio_stack_buffer_flush
                0x0000000010003e60       0x44 CMakeFiles/test.dir/home/chapahrroh/RB_pico/pico/pico-sdk/src/rp2_common/pico_stdio/stdio.c.obj
 .text.stdio_buffered_printer
                0x0000000010003ea4       0x20 CMakeFiles/test.dir/home/chapahrroh/RB_pico/pico/pico-sdk/src/rp2_common/pico_stdio/stdio.c.obj
 .text.stdout_serialize_begin
                0x0000000010003ec4       0x30 CMakeFiles/test.dir/home/chapahrroh/RB_pico/pico/pico-sdk/src/rp2_common/pico_stdio/stdio.c.obj
                0x0000000010003ec4                stdout_serialize_begin
 .text.stdout_serialize_end
                0x0000000010003ef4       0x10 CMakeFiles/test.dir/home/chapahrroh/RB_pico/pico/pico-sdk/src/rp2_common/pico_stdio/stdio.c.obj
                0x0000000010003ef4                stdout_serialize_end
 .text.stdio_put_string
                0x0000000010003f04       0x98 CMakeFiles/test.dir/home/chapahrroh/RB_pico/pico/pico-sdk/src/rp2_common/pico_stdio/stdio.c.obj
 .text.stdio_flush
                0x0000000010003f9c       0x20 CMakeFiles/test.dir/home/chapahrroh/RB_pico/pico/pico-sdk/src/rp2_common/pico_stdio/stdio.c.obj
                0x0000000010003f9c                stdio_flush
 .text.__wrap_puts
                0x0000000010003fbc       0x1e CMakeFiles/test.dir/home/chapahrroh/RB_pico/pico/pico-sdk/src/rp2_common/pico_stdio/stdio.c.obj
                0x0000000010003fbc                __wrap_puts
 *fill*         0x0000000010003fda        0x2 
 .text.__wrap_vprintf
                0x0000000010003fdc       0x44 CMakeFiles/test.dir/home/chapahrroh/RB_pico/pico/pico-sdk/src/rp2_common/pico_stdio/stdio.c.obj
                0x0000000010003fdc                __wrap_vprintf
 .text.__wrap_printf
                0x0000000010004020       0x18 CMakeFiles/test.dir/home/chapahrroh/RB_pico/pico/pico-sdk/src/rp2_common/pico_stdio/stdio.c.obj
                0x0000000010004020                __wrap_printf
 .text._retrieve_unique_id_on_boot
                0x0000000010004038       0x10 CMakeFiles/test.dir/home/chapahrroh/RB_pico/pico/pico-sdk/src/rp2_common/pico_unique_id/unique_id.c.obj
 .text.flash_get_unique_id
                0x0000000010004048       0x46 CMakeFiles/test.dir/home/chapahrroh/RB_pico/pico/pico-sdk/src/rp2_common/hardware_flash/flash.c.obj
                0x0000000010004048                flash_get_unique_id
 *fill*         0x000000001000408e        0x2 
 .text          0x0000000010004090       0x68 /usr/lib/gcc/arm-none-eabi/9.2.1/../../../arm-none-eabi/lib/thumb/v6-m/nofp/libg.a(lib_a-strlen-stub.o)
                0x0000000010004090                strlen
 *(.fini)
 .fini          0x00000000100040f8        0x4 /usr/lib/gcc/arm-none-eabi/9.2.1/thumb/v6-m/nofp/crti.o
                0x00000000100040f8                _fini
 *fill*         0x00000000100040fc        0x4 
 .fini.__stub   0x0000000010004100       0x60 linker stubs
 *crtbegin.o(.ctors)
 *crtbegin?.o(.ctors)
 *(EXCLUDE_FILE(*crtend.o *crtend?.o) .ctors)
 *(SORT_BY_NAME(.ctors.*))
 *(.ctors)
 *crtbegin.o(.dtors)
 *crtbegin?.o(.dtors)
 *(EXCLUDE_FILE(*crtend.o *crtend?.o) .dtors)
 *(SORT_BY_NAME(.dtors.*))
 *(.dtors)
 *(.eh_frame*)
 .eh_frame      0x0000000010004160        0x0 /usr/lib/gcc/arm-none-eabi/9.2.1/thumb/v6-m/nofp/crtbegin.o
                0x0000000010004160                . = ALIGN (0x4)

.glue_7         0x0000000010004160        0x0
 .glue_7        0x0000000010004160        0x0 linker stubs

.glue_7t        0x0000000010004160        0x0
 .glue_7t       0x0000000010004160        0x0 linker stubs

.vfp11_veneer   0x0000000010004160        0x0
 .vfp11_veneer  0x0000000010004160        0x0 linker stubs

.v4_bx          0x0000000010004160        0x0
 .v4_bx         0x0000000010004160        0x0 linker stubs

.iplt           0x0000000010004160        0x0
 .iplt          0x0000000010004160        0x0 /usr/lib/gcc/arm-none-eabi/9.2.1/thumb/v6-m/nofp/crtbegin.o

.rodata         0x0000000010004160     0x1098
 *(EXCLUDE_FILE(*libm.a: *libc.a:*lib_a-mem*.o *libgcc.a:) .rodata*)
 .rodata.main.str1.4
                0x0000000010004160        0xb CMakeFiles/test.dir/test.c.obj
 *fill*         0x000000001000416b        0x1 
 .rodata.make_branch.str1.4
                0x000000001000416c       0x79 CMakeFiles/test.dir/home/chapahrroh/RB_pico/pico/pico-sdk/src/rp2_common/hardware_irq/irq.c.obj
 *fill*         0x00000000100041e5        0x3 
 .rodata.insert_branch_and_link.str1.4
                0x00000000100041e8       0x10 CMakeFiles/test.dir/home/chapahrroh/RB_pico/pico/pico-sdk/src/rp2_common/hardware_irq/irq.c.obj
 .rodata.irq_set_exclusive_handler.str1.4
                0x00000000100041f8       0x36 CMakeFiles/test.dir/home/chapahrroh/RB_pico/pico/pico-sdk/src/rp2_common/hardware_irq/irq.c.obj
 *fill*         0x000000001000422e        0x2 
 .rodata.irq_add_shared_handler.str1.4
                0x0000000010004230       0xd9 CMakeFiles/test.dir/home/chapahrroh/RB_pico/pico/pico-sdk/src/rp2_common/hardware_irq/irq.c.obj
 *fill*         0x0000000010004309        0x3 
 .rodata.irq_remove_handler.str1.4
                0x000000001000430c       0x2a CMakeFiles/test.dir/home/chapahrroh/RB_pico/pico/pico-sdk/src/rp2_common/hardware_irq/irq.c.obj
 *fill*         0x0000000010004336        0x2 
 .rodata.irq_add_tail_to_free_list.str1.4
                0x0000000010004338       0x3a CMakeFiles/test.dir/home/chapahrroh/RB_pico/pico/pico-sdk/src/rp2_common/hardware_irq/irq.c.obj
 *fill*         0x0000000010004372        0x2 
 .rodata.__func__.4777
                0x0000000010004374       0x1a CMakeFiles/test.dir/home/chapahrroh/RB_pico/pico/pico-sdk/src/rp2_common/hardware_irq/irq.c.obj
 *fill*         0x000000001000438e        0x2 
 .rodata.__func__.4791
                0x0000000010004390        0xc CMakeFiles/test.dir/home/chapahrroh/RB_pico/pico/pico-sdk/src/rp2_common/hardware_irq/irq.c.obj
 .rodata.__func__.4799
                0x000000001000439c       0x17 CMakeFiles/test.dir/home/chapahrroh/RB_pico/pico/pico-sdk/src/rp2_common/hardware_irq/irq.c.obj
 *fill*         0x00000000100043b3        0x1 
 .rodata.__func__.4803
                0x00000000100043b4        0xf CMakeFiles/test.dir/home/chapahrroh/RB_pico/pico/pico-sdk/src/rp2_common/hardware_irq/irq.c.obj
 *fill*         0x00000000100043c3        0x1 
 .rodata.__func__.4842
                0x00000000100043c4       0x13 CMakeFiles/test.dir/home/chapahrroh/RB_pico/pico/pico-sdk/src/rp2_common/hardware_irq/irq.c.obj
 *fill*         0x00000000100043d7        0x1 
 .rodata.__func__.4864
                0x00000000100043d8       0x1a CMakeFiles/test.dir/home/chapahrroh/RB_pico/pico/pico-sdk/src/rp2_common/hardware_irq/irq.c.obj
 *fill*         0x00000000100043f2        0x2 
 .rodata.repeating_timer_callback.str1.4
                0x00000000100043f4       0x57 CMakeFiles/test.dir/home/chapahrroh/RB_pico/pico/pico-sdk/src/common/pico_time/time.c.obj
 *fill*         0x000000001000444b        0x1 
 .rodata.alarm_pool_dump_key.str1.4
                0x000000001000444c       0x33 CMakeFiles/test.dir/home/chapahrroh/RB_pico/pico/pico-sdk/src/common/pico_time/time.c.obj
 *fill*         0x000000001000447f        0x1 
 .rodata.ph_add_child_node.str1.4
                0x0000000010004480       0xa2 CMakeFiles/test.dir/home/chapahrroh/RB_pico/pico/pico-sdk/src/common/pico_time/time.c.obj
 *fill*         0x0000000010004522        0x2 
 .rodata.add_alarm_under_lock.str1.4
                0x0000000010004524       0x28 CMakeFiles/test.dir/home/chapahrroh/RB_pico/pico/pico-sdk/src/common/pico_time/time.c.obj
                                         0x2b (size before relaxing)
 .rodata.alarm_pool_alarm_callback.str1.4
                0x000000001000454c       0xf2 CMakeFiles/test.dir/home/chapahrroh/RB_pico/pico/pico-sdk/src/common/pico_time/time.c.obj
 *fill*         0x000000001000463e        0x2 
 .rodata.alarm_pool_get_default.str1.4
                0x0000000010004640       0x21 CMakeFiles/test.dir/home/chapahrroh/RB_pico/pico/pico-sdk/src/common/pico_time/time.c.obj
 *fill*         0x0000000010004661        0x3 
 .rodata.sleep_until.str1.4
                0x0000000010004664       0x4d CMakeFiles/test.dir/home/chapahrroh/RB_pico/pico/pico-sdk/src/common/pico_time/time.c.obj
 *fill*         0x00000000100046b1        0x3 
 .rodata.__func__.5701
                0x00000000100046b4       0x15 CMakeFiles/test.dir/home/chapahrroh/RB_pico/pico/pico-sdk/src/common/pico_time/time.c.obj
 *fill*         0x00000000100046c9        0x3 
 .rodata.__func__.6019
                0x00000000100046cc        0xc CMakeFiles/test.dir/home/chapahrroh/RB_pico/pico/pico-sdk/src/common/pico_time/time.c.obj
 .rodata.__func__.6026
                0x00000000100046d8       0x12 CMakeFiles/test.dir/home/chapahrroh/RB_pico/pico/pico-sdk/src/common/pico_time/time.c.obj
 *fill*         0x00000000100046ea        0x2 
 .rodata.__func__.6042
                0x00000000100046ec        0xf CMakeFiles/test.dir/home/chapahrroh/RB_pico/pico/pico-sdk/src/common/pico_time/time.c.obj
 *fill*         0x00000000100046fb        0x1 
 .rodata.__func__.6064
                0x00000000100046fc        0xd CMakeFiles/test.dir/home/chapahrroh/RB_pico/pico/pico-sdk/src/common/pico_time/time.c.obj
 *fill*         0x0000000010004709        0x3 
 .rodata.__func__.6287
                0x000000001000470c        0xa CMakeFiles/test.dir/home/chapahrroh/RB_pico/pico/pico-sdk/src/common/pico_time/time.c.obj
 *fill*         0x0000000010004716        0x2 
 .rodata.__func__.6292
                0x0000000010004718       0x12 CMakeFiles/test.dir/home/chapahrroh/RB_pico/pico/pico-sdk/src/common/pico_time/time.c.obj
 *fill*         0x000000001000472a        0x2 
 .rodata.__func__.6307
                0x000000001000472c       0x17 CMakeFiles/test.dir/home/chapahrroh/RB_pico/pico/pico-sdk/src/common/pico_time/time.c.obj
 *fill*         0x0000000010004743        0x1 
 .rodata.__func__.6318
                0x0000000010004744       0x15 CMakeFiles/test.dir/home/chapahrroh/RB_pico/pico/pico-sdk/src/common/pico_time/time.c.obj
 *fill*         0x0000000010004759        0x3 
 .rodata.__func__.6335
                0x000000001000475c       0x1a CMakeFiles/test.dir/home/chapahrroh/RB_pico/pico/pico-sdk/src/common/pico_time/time.c.obj
 *fill*         0x0000000010004776        0x2 
 .rodata.hardware_alarm_claim.str1.4
                0x0000000010004778       0x22 CMakeFiles/test.dir/home/chapahrroh/RB_pico/pico/pico-sdk/src/rp2_common/hardware_timer/timer.c.obj
 *fill*         0x000000001000479a        0x2 
 .rodata.hardware_alarm_set_target.str1.4
                0x000000001000479c       0x71 CMakeFiles/test.dir/home/chapahrroh/RB_pico/pico/pico-sdk/src/rp2_common/hardware_timer/timer.c.obj
 *fill*         0x000000001000480d        0x3 
 .rodata.__func__.4575
                0x0000000010004810       0x1a CMakeFiles/test.dir/home/chapahrroh/RB_pico/pico/pico-sdk/src/rp2_common/hardware_timer/timer.c.obj
 .rodata.ph_add_child_node.str1.4
                0x000000001000482a       0xa2 CMakeFiles/test.dir/home/chapahrroh/RB_pico/pico/pico-sdk/src/common/pico_util/pheap.c.obj
 *fill*         0x000000001000482a        0x2 
 .rodata.ph_remove_any_head.str1.4
                0x000000001000482c       0x98 CMakeFiles/test.dir/home/chapahrroh/RB_pico/pico/pico-sdk/src/common/pico_util/pheap.c.obj
 .rodata.ph_remove_and_free_node.str1.4
                0x00000000100048c4       0x1e CMakeFiles/test.dir/home/chapahrroh/RB_pico/pico/pico-sdk/src/common/pico_util/pheap.c.obj
                                         0x26 (size before relaxing)
 *fill*         0x00000000100048e2        0x2 
 .rodata.__func__.5717
                0x00000000100048e4        0xc CMakeFiles/test.dir/home/chapahrroh/RB_pico/pico/pico-sdk/src/common/pico_util/pheap.c.obj
 .rodata.__func__.5724
                0x00000000100048f0       0x12 CMakeFiles/test.dir/home/chapahrroh/RB_pico/pico/pico-sdk/src/common/pico_util/pheap.c.obj
 *fill*         0x0000000010004902        0x2 
 .rodata.__func__.5810
                0x0000000010004904       0x13 CMakeFiles/test.dir/home/chapahrroh/RB_pico/pico/pico-sdk/src/common/pico_util/pheap.c.obj
 *fill*         0x0000000010004917        0x1 
 .rodata.__func__.5828
                0x0000000010004918       0x18 CMakeFiles/test.dir/home/chapahrroh/RB_pico/pico/pico-sdk/src/common/pico_util/pheap.c.obj
 .rodata.str1.4
                0x0000000010004930       0x95 CMakeFiles/test.dir/home/chapahrroh/RB_pico/pico/pico-sdk/src/common/pico_sync/mutex.c.obj
                                        0x105 (size before relaxing)
 *fill*         0x00000000100049c5        0x3 
 .rodata.__func__.4709
                0x00000000100049c8        0xb CMakeFiles/test.dir/home/chapahrroh/RB_pico/pico/pico-sdk/src/common/pico_sync/mutex.c.obj
 *fill*         0x00000000100049d3        0x1 
 .rodata.__assert_func.str1.4
                0x00000000100049d4       0x3f CMakeFiles/test.dir/home/chapahrroh/RB_pico/pico/pico-sdk/src/rp2_common/pico_runtime/runtime.c.obj
                                         0x43 (size before relaxing)
 *fill*         0x0000000010004a13        0x1 
 .rodata.runtime_init.str1.4
                0x0000000010004a14       0x6d CMakeFiles/test.dir/home/chapahrroh/RB_pico/pico/pico-sdk/src/rp2_common/pico_runtime/runtime.c.obj
 *fill*         0x0000000010004a81        0x3 
 .rodata.panic.str1.4
                0x0000000010004a84       0x12 CMakeFiles/test.dir/home/chapahrroh/RB_pico/pico/pico-sdk/src/rp2_common/pico_runtime/runtime.c.obj
 *fill*         0x0000000010004a96        0x2 
 .rodata.__func__.5835
                0x0000000010004a98        0xd CMakeFiles/test.dir/home/chapahrroh/RB_pico/pico/pico-sdk/src/rp2_common/pico_runtime/runtime.c.obj
 *fill*         0x0000000010004aa5        0x3 
 .rodata.clock_configure.str1.4
                0x0000000010004aa8       0x63 CMakeFiles/test.dir/home/chapahrroh/RB_pico/pico/pico-sdk/src/rp2_common/hardware_clocks/clocks.c.obj
 *fill*         0x0000000010004b0b        0x1 
 .rodata.__func__.4759
                0x0000000010004b0c       0x10 CMakeFiles/test.dir/home/chapahrroh/RB_pico/pico/pico-sdk/src/rp2_common/hardware_clocks/clocks.c.obj
 .rodata.pll_init.str1.4
                0x0000000010004b1c      0x147 CMakeFiles/test.dir/home/chapahrroh/RB_pico/pico/pico-sdk/src/rp2_common/hardware_pll/pll.c.obj
 *fill*         0x0000000010004c63        0x1 
 .rodata.__func__.4416
                0x0000000010004c64        0x9 CMakeFiles/test.dir/home/chapahrroh/RB_pico/pico/pico-sdk/src/rp2_common/hardware_pll/pll.c.obj
 *fill*         0x0000000010004c6d        0x3 
 .rodata._ftoa.str1.4
                0x0000000010004c70       0x15 CMakeFiles/test.dir/home/chapahrroh/RB_pico/pico/pico-sdk/src/rp2_common/pico_printf/printf.c.obj
 *fill*         0x0000000010004c85        0x3 
 .rodata._vsnprintf
                0x0000000010004c88      0x1e0 CMakeFiles/test.dir/home/chapahrroh/RB_pico/pico/pico-sdk/src/rp2_common/pico_printf/printf.c.obj
 .rodata.pow10.5431
                0x0000000010004e68       0x50 CMakeFiles/test.dir/home/chapahrroh/RB_pico/pico/pico-sdk/src/rp2_common/pico_printf/printf.c.obj
 .rodata.__aeabi_double_init.str1.4
                0x0000000010004eb8       0xb4 CMakeFiles/test.dir/home/chapahrroh/RB_pico/pico/pico-sdk/src/rp2_common/pico_double/double_init_rom.c.obj
 .rodata.__func__.4728
                0x0000000010004f6c       0x14 CMakeFiles/test.dir/home/chapahrroh/RB_pico/pico/pico-sdk/src/rp2_common/pico_double/double_init_rom.c.obj
 .rodata.__aeabi_float_init.str1.4
                0x0000000010004f80       0x86 CMakeFiles/test.dir/home/chapahrroh/RB_pico/pico/pico-sdk/src/rp2_common/pico_float/float_init_rom.c.obj
                                         0x8a (size before relaxing)
 *fill*         0x0000000010005006        0x2 
 .rodata.__func__.4729
                0x0000000010005008       0x13 CMakeFiles/test.dir/home/chapahrroh/RB_pico/pico/pico-sdk/src/rp2_common/pico_float/float_init_rom.c.obj
 *fill*         0x000000001000501b        0x1 
 .rodata.str1.4
                0x000000001000501c       0x3c CMakeFiles/test.dir/home/chapahrroh/RB_pico/pico/pico-sdk/src/rp2_common/pico_standard_link/binary_info.c.obj
 .rodata.__bi_44
                0x0000000010005058        0xc CMakeFiles/test.dir/home/chapahrroh/RB_pico/pico/pico-sdk/src/rp2_common/pico_standard_link/binary_info.c.obj
 .rodata.__bi_75
                0x0000000010005064        0xc CMakeFiles/test.dir/home/chapahrroh/RB_pico/pico/pico-sdk/src/rp2_common/pico_standard_link/binary_info.c.obj
 .rodata.__bi_81
                0x0000000010005070        0xc CMakeFiles/test.dir/home/chapahrroh/RB_pico/pico/pico-sdk/src/rp2_common/pico_standard_link/binary_info.c.obj
 .rodata.crlf_str.5910
                0x000000001000507c        0x2 CMakeFiles/test.dir/home/chapahrroh/RB_pico/pico/pico-sdk/src/rp2_common/pico_stdio/stdio.c.obj
 *fill*         0x000000001000507e        0x2 
 .rodata.str1.4
                0x0000000010005080      0x166 CMakeFiles/test.dir/home/chapahrroh/RB_pico/pico/pico-sdk/src/rp2_common/hardware_flash/flash.c.obj
 *fill*         0x00000000100051e6        0x2 
 .rodata.__func__.4470
                0x00000000100051e8        0xd CMakeFiles/test.dir/home/chapahrroh/RB_pico/pico/pico-sdk/src/rp2_common/hardware_flash/flash.c.obj
                0x00000000100051f8                . = ALIGN (0x4)
 *fill*         0x00000000100051f5        0x3 
 *(SORT_BY_ALIGNMENT(SORT_BY_NAME(.flashdata*)))
                0x00000000100051f8                . = ALIGN (0x4)

.rel.dyn        0x00000000100051f8        0x0
 .rel.iplt      0x00000000100051f8        0x0 /usr/lib/gcc/arm-none-eabi/9.2.1/thumb/v6-m/nofp/crtbegin.o

.ARM.extab
 *(.ARM.extab* .gnu.linkonce.armextab.*)
                0x00000000100051f8                __exidx_start = .

.ARM.exidx
 *(.ARM.exidx* .gnu.linkonce.armexidx.*)
                0x00000000100051f8                __exidx_end = .
                0x00000000100051f8                . = ALIGN (0x4)
                0x00000000100051f8                __binary_info_start = .

.binary_info    0x00000000100051f8       0x1c
 *(.binary_info.keep.*)
 .binary_info.keep.__bi_ptr22
                0x00000000100051f8        0x4 CMakeFiles/test.dir/home/chapahrroh/RB_pico/pico/pico-sdk/src/rp2_common/pico_standard_link/binary_info.c.obj
 .binary_info.keep.__bi_ptr30
                0x00000000100051fc        0x4 CMakeFiles/test.dir/home/chapahrroh/RB_pico/pico/pico-sdk/src/rp2_common/pico_standard_link/binary_info.c.obj
 .binary_info.keep.__bi_ptr38
                0x0000000010005200        0x4 CMakeFiles/test.dir/home/chapahrroh/RB_pico/pico/pico-sdk/src/rp2_common/pico_standard_link/binary_info.c.obj
 .binary_info.keep.__bi_ptr44
                0x0000000010005204        0x4 CMakeFiles/test.dir/home/chapahrroh/RB_pico/pico/pico-sdk/src/rp2_common/pico_standard_link/binary_info.c.obj
 .binary_info.keep.__bi_ptr50
                0x0000000010005208        0x4 CMakeFiles/test.dir/home/chapahrroh/RB_pico/pico/pico-sdk/src/rp2_common/pico_standard_link/binary_info.c.obj
 .binary_info.keep.__bi_ptr75
                0x000000001000520c        0x4 CMakeFiles/test.dir/home/chapahrroh/RB_pico/pico/pico-sdk/src/rp2_common/pico_standard_link/binary_info.c.obj
 .binary_info.keep.__bi_ptr81
                0x0000000010005210        0x4 CMakeFiles/test.dir/home/chapahrroh/RB_pico/pico/pico-sdk/src/rp2_common/pico_standard_link/binary_info.c.obj
 *(.binary_info.*)
                0x0000000010005214                __binary_info_end = .
                0x0000000010005214                . = ALIGN (0x4)
                0x0000000010005214                __etext = .

.ram_vector_table
                0x0000000020000000       0xc0
 *(.ram_vector_table)
 .ram_vector_table
                0x0000000020000000       0xc0 CMakeFiles/test.dir/home/chapahrroh/RB_pico/pico/pico-sdk/src/rp2_common/pico_runtime/runtime.c.obj
                0x0000000020000000                ram_vector_table

.data           0x00000000200000c0      0x2f0 load address 0x0000000010005214
                0x00000000200000c0                __data_start__ = .
 *(vtable)
 *(.time_critical*)
 .time_critical.mutex_enter_blocking
                0x00000000200000c0       0x48 CMakeFiles/test.dir/home/chapahrroh/RB_pico/pico/pico-sdk/src/common/pico_sync/mutex.c.obj
                0x00000000200000c0                mutex_enter_blocking
 .time_critical.mutex_try_enter
                0x0000000020000108       0x48 CMakeFiles/test.dir/home/chapahrroh/RB_pico/pico/pico-sdk/src/common/pico_sync/mutex.c.obj
                0x0000000020000108                mutex_try_enter
 .time_critical.mutex_exit
                0x0000000020000150       0x4c CMakeFiles/test.dir/home/chapahrroh/RB_pico/pico/pico-sdk/src/common/pico_sync/mutex.c.obj
                0x0000000020000150                mutex_exit
 .time_critical.flash_init_boot2_copyout
                0x000000002000019c       0x30 CMakeFiles/test.dir/home/chapahrroh/RB_pico/pico/pico-sdk/src/rp2_common/hardware_flash/flash.c.obj
 .time_critical.flash_enable_xip_via_boot2
                0x00000000200001cc       0x10 CMakeFiles/test.dir/home/chapahrroh/RB_pico/pico/pico-sdk/src/rp2_common/hardware_flash/flash.c.obj
 .time_critical.flash_cs_force
                0x00000000200001dc       0x28 CMakeFiles/test.dir/home/chapahrroh/RB_pico/pico/pico-sdk/src/rp2_common/hardware_flash/flash.c.obj
 .time_critical.flash_do_cmd
                0x0000000020000204       0xd8 CMakeFiles/test.dir/home/chapahrroh/RB_pico/pico/pico-sdk/src/rp2_common/hardware_flash/flash.c.obj
                0x0000000020000204                flash_do_cmd
 *(.text*)
 .text          0x00000000200002dc        0x4 /usr/lib/gcc/arm-none-eabi/9.2.1/thumb/v6-m/nofp/libgcc.a(_dvmd_tls.o)
                0x00000000200002dc                __aeabi_ldiv0
                0x00000000200002dc                __aeabi_idiv0
 .text.__stub   0x00000000200002e0       0x10 linker stubs
                0x00000000200002f0                . = ALIGN (0x4)
 *(.rodata*)
                0x00000000200002f0                . = ALIGN (0x4)
 *(.data*)
 .data.striped_spin_lock_num
                0x00000000200002f0        0x1 CMakeFiles/test.dir/home/chapahrroh/RB_pico/pico/pico-sdk/src/rp2_common/hardware_sync/sync.c.obj
 *fill*         0x00000000200002f1        0x3 
 .data          0x00000000200002f4       0x48 CMakeFiles/test.dir/home/chapahrroh/RB_pico/pico/pico-sdk/src/rp2_common/hardware_irq/irq_handler_chain.S.obj
                0x00000000200002f4                irq_handler_chain_slots
                0x0000000020000324                irq_handler_chain_first_slot
                0x000000002000032e                irq_handler_chain_remove_tail
 .data.default_alarm_pool
                0x000000002000033c       0x18 CMakeFiles/test.dir/home/chapahrroh/RB_pico/pico/pico-sdk/src/common/pico_time/time.c.obj
 .data.default_alarm_pool_heap
                0x0000000020000354       0x10 CMakeFiles/test.dir/home/chapahrroh/RB_pico/pico/pico-sdk/src/common/pico_time/time.c.obj
 *fill*         0x0000000020000364        0xc 
 .data.aeabi_bits_funcs
                0x0000000020000370       0x10 CMakeFiles/test.dir/home/chapahrroh/RB_pico/pico/pico-sdk/src/rp2_common/pico_bit_ops/bit_ops_aeabi.S.obj
                0x0000000020000370                aeabi_bits_funcs
                0x0000000020000380                aeabi_bits_funcs_end
 .data.aeabi_mem_funcs
                0x0000000020000380       0x10 CMakeFiles/test.dir/home/chapahrroh/RB_pico/pico/pico-sdk/src/rp2_common/pico_mem_ops/mem_ops_aeabi.S.obj
                0x0000000020000380                aeabi_mem_funcs
                0x0000000020000390                aeabi_mem_funcs_end
                0x0000000020000390                . = ALIGN (0x4)
 *(.after_data.*)
                0x0000000020000390                . = ALIGN (0x4)
                0x0000000020000390                PROVIDE (__mutex_array_start = .)
 *(SORT_BY_NAME(.mutex_array.*))
 *(.mutex_array)
 .mutex_array   0x0000000020000390        0x8 CMakeFiles/test.dir/home/chapahrroh/RB_pico/pico/pico-sdk/src/rp2_common/pico_stdio/stdio.c.obj
                0x0000000020000398                PROVIDE (__mutex_array_end = .)
                0x0000000020000398                . = ALIGN (0x4)
                0x0000000020000398                PROVIDE (__preinit_array_start = .)
 *(SORT_BY_NAME(.preinit_array.*))
 .preinit_array.00001
                0x0000000020000398        0x4 CMakeFiles/test.dir/home/chapahrroh/RB_pico/pico/pico-sdk/src/rp2_common/pico_mem_ops/mem_ops_aeabi.S.obj
 .preinit_array.00010
                0x000000002000039c        0x4 CMakeFiles/test.dir/home/chapahrroh/RB_pico/pico/pico-sdk/src/rp2_common/pico_bit_ops/bit_ops_aeabi.S.obj
 .preinit_array.00020
                0x00000000200003a0        0x4 CMakeFiles/test.dir/home/chapahrroh/RB_pico/pico/pico-sdk/src/rp2_common/pico_double/double_aeabi.S.obj
 .preinit_array.00020
                0x00000000200003a4        0x4 CMakeFiles/test.dir/home/chapahrroh/RB_pico/pico/pico-sdk/src/rp2_common/pico_float/float_aeabi.S.obj
 *(.preinit_array)
                0x00000000200003a8                PROVIDE (__preinit_array_end = .)
                0x00000000200003a8                . = ALIGN (0x4)
                0x00000000200003a8                PROVIDE (__init_array_start = .)
 *(SORT_BY_NAME(.init_array.*))
 *(.init_array)
 .init_array    0x00000000200003a8        0x4 /usr/lib/gcc/arm-none-eabi/9.2.1/thumb/v6-m/nofp/crtbegin.o
 .init_array    0x00000000200003ac        0x4 CMakeFiles/test.dir/home/chapahrroh/RB_pico/pico/pico-sdk/src/rp2_common/pico_unique_id/unique_id.c.obj
                0x00000000200003b0                PROVIDE (__init_array_end = .)
                0x00000000200003b0                . = ALIGN (0x4)
                0x00000000200003b0                PROVIDE (__fini_array_start = .)
 *(SORT_BY_NAME(.fini_array.*))
 *(.fini_array)
                0x00000000200003b0                PROVIDE (__fini_array_end = .)
 *(.jcr)
                0x00000000200003b0                . = ALIGN (0x4)
                0x00000000200003b0                __data_end__ = .

.tm_clone_table
                0x00000000200003b0        0x0 load address 0x0000000010005504
 .tm_clone_table
                0x00000000200003b0        0x0 /usr/lib/gcc/arm-none-eabi/9.2.1/thumb/v6-m/nofp/crtbegin.o
 .tm_clone_table
                0x00000000200003b0        0x0 /usr/lib/gcc/arm-none-eabi/9.2.1/thumb/v6-m/nofp/crtend.o

.igot.plt       0x00000000200003b0        0x0 load address 0x0000000010005504
 .igot.plt      0x00000000200003b0        0x0 /usr/lib/gcc/arm-none-eabi/9.2.1/thumb/v6-m/nofp/crtbegin.o

.uninitialized_data
                0x00000000200003b0        0x0 load address 0x0000000010005504
                0x00000000200003b0                . = ALIGN (0x4)
 *(.uninitialized_data*)

.scratch_x      0x0000000020040000        0x0 load address 0x0000000010005504
                0x0000000020040000                __scratch_x_start__ = .
 *(.scratch_x.*)
                0x0000000020040000                . = ALIGN (0x4)
                0x0000000020040000                __scratch_x_end__ = .
                0x0000000010005504                __scratch_x_source__ = LOADADDR (.scratch_x)

.scratch_y      0x0000000020041000        0x0 load address 0x0000000010005504
                0x0000000020041000                __scratch_y_start__ = .
 *(.scratch_y.*)
                0x0000000020041000                . = ALIGN (0x4)
                0x0000000020041000                __scratch_y_end__ = .
                0x0000000010005504                __scratch_y_source__ = LOADADDR (.scratch_y)

.bss            0x00000000200003b0      0x4d0
                0x00000000200003b0                . = ALIGN (0x4)
                0x00000000200003b0                __bss_start__ = .
 *(SORT_BY_ALIGNMENT(SORT_BY_NAME(.bss*)))
 .bss.default_alarm_pool_entries
                0x00000000200003b0      0x100 CMakeFiles/test.dir/home/chapahrroh/RB_pico/pico/pico-sdk/src/common/pico_time/time.c.obj
 .bss           0x00000000200004b0       0x1c /usr/lib/gcc/arm-none-eabi/9.2.1/thumb/v6-m/nofp/crtbegin.o
 .bss.alarm_callbacks
                0x00000000200004cc       0x10 CMakeFiles/test.dir/home/chapahrroh/RB_pico/pico/pico-sdk/src/rp2_common/hardware_timer/timer.c.obj
 .bss.boot2_copyout
                0x00000000200004dc      0x100 CMakeFiles/test.dir/home/chapahrroh/RB_pico/pico/pico-sdk/src/rp2_common/hardware_flash/flash.c.obj
 .bss.configured_freq
                0x00000000200005dc       0x28 CMakeFiles/test.dir/home/chapahrroh/RB_pico/pico/pico-sdk/src/rp2_common/hardware_clocks/clocks.c.obj
 .bss.default_alarm_pool_entry_ids_high
                0x0000000020000604       0x10 CMakeFiles/test.dir/home/chapahrroh/RB_pico/pico/pico-sdk/src/common/pico_time/time.c.obj
 .bss.default_alarm_pool_heap_nodes
                0x0000000020000614       0x30 CMakeFiles/test.dir/home/chapahrroh/RB_pico/pico/pico-sdk/src/common/pico_time/time.c.obj
 .bss.drivers   0x0000000020000644        0x4 CMakeFiles/test.dir/home/chapahrroh/RB_pico/pico/pico-sdk/src/rp2_common/pico_stdio/stdio.c.obj
 .bss.filter    0x0000000020000648        0x4 CMakeFiles/test.dir/home/chapahrroh/RB_pico/pico/pico-sdk/src/rp2_common/pico_stdio/stdio.c.obj
 .bss.pools     0x000000002000064c       0x10 CMakeFiles/test.dir/home/chapahrroh/RB_pico/pico/pico-sdk/src/common/pico_time/time.c.obj
 .bss.retrieved_id
                0x000000002000065c        0x8 CMakeFiles/test.dir/home/chapahrroh/RB_pico/pico/pico-sdk/src/rp2_common/pico_unique_id/unique_id.c.obj
 .bss.sf_clz_func
                0x0000000020000664        0x4 CMakeFiles/test.dir/home/chapahrroh/RB_pico/pico/pico-sdk/src/rp2_common/pico_double/double_init_rom.c.obj
                0x0000000020000664                sf_clz_func
 .bss.sleep_notifier
                0x0000000020000668        0x4 CMakeFiles/test.dir/home/chapahrroh/RB_pico/pico/pico-sdk/src/common/pico_time/time.c.obj
 .bss.target_hi
                0x000000002000066c       0x10 CMakeFiles/test.dir/home/chapahrroh/RB_pico/pico/pico-sdk/src/rp2_common/hardware_timer/timer.c.obj
 .bss.boot2_copyout_valid
                0x000000002000067c        0x1 CMakeFiles/test.dir/home/chapahrroh/RB_pico/pico/pico-sdk/src/rp2_common/hardware_flash/flash.c.obj
 .bss.claimed   0x000000002000067d        0x1 CMakeFiles/test.dir/home/chapahrroh/RB_pico/pico/pico-sdk/src/rp2_common/hardware_timer/timer.c.obj
 .bss.irq_hander_chain_free_slot_head
                0x000000002000067e        0x1 CMakeFiles/test.dir/home/chapahrroh/RB_pico/pico/pico-sdk/src/rp2_common/hardware_irq/irq.c.obj
 .bss.timer_callbacks_pending
                0x000000002000067f        0x1 CMakeFiles/test.dir/home/chapahrroh/RB_pico/pico/pico-sdk/src/rp2_common/hardware_timer/timer.c.obj
 *(COMMON)
 COMMON         0x0000000020000680      0x100 CMakeFiles/test.dir/home/chapahrroh/RB_pico/pico/pico-sdk/src/rp2_common/pico_double/double_init_rom.c.obj
                0x0000000020000680                sd_table
 COMMON         0x0000000020000780      0x100 CMakeFiles/test.dir/home/chapahrroh/RB_pico/pico/pico-sdk/src/rp2_common/pico_float/float_init_rom.c.obj
                0x0000000020000780                sf_table
                0x0000000020000880                . = ALIGN (0x4)
                0x0000000020000880                __bss_end__ = .

.heap           0x0000000020000880      0x800
                0x0000000020000880                __end__ = .
                0x0000000020000880                end = __end__
 *(.heap*)
 .heap          0x0000000020000880      0x800 CMakeFiles/test.dir/home/chapahrroh/RB_pico/pico/pico-sdk/src/rp2_common/pico_standard_link/crt0.S.obj
                0x0000000020001080                __HeapLimit = .

.stack1_dummy   0x0000000020040000        0x0
 *(.stack1*)

.stack_dummy    0x0000000020041000      0x800
 *(.stack*)
 .stack         0x0000000020041000      0x800 CMakeFiles/test.dir/home/chapahrroh/RB_pico/pico/pico-sdk/src/rp2_common/pico_standard_link/crt0.S.obj

.flash_end      0x0000000010005504        0x0
                0x0000000010005504                __flash_binary_end = .
                0x0000000020040000                __StackLimit = (ORIGIN (RAM) + LENGTH (RAM))
                0x0000000020041000                __StackOneTop = (ORIGIN (SCRATCH_X) + LENGTH (SCRATCH_X))
                0x0000000020042000                __StackTop = (ORIGIN (SCRATCH_Y) + LENGTH (SCRATCH_Y))
                0x0000000020041000                __StackOneBottom = (__StackOneTop - SIZEOF (.stack1_dummy))
                0x0000000020041800                __StackBottom = (__StackTop - SIZEOF (.stack_dummy))
                0x0000000020042000                PROVIDE (__stack = __StackTop)
                0x0000000000000001                ASSERT ((__StackLimit >= __HeapLimit), region RAM overflowed)
                0x0000000000000001                ASSERT (((__binary_info_header_end - __logical_binary_start) <= 0x100), Binary info must be in first 256 bytes of the binary)
LOAD CMakeFiles/test.dir/test.c.obj
LOAD CMakeFiles/test.dir/home/chapahrroh/RB_pico/pico/pico-sdk/src/rp2_common/pico_stdlib/stdlib.c.obj
LOAD CMakeFiles/test.dir/home/chapahrroh/RB_pico/pico/pico-sdk/src/rp2_common/hardware_gpio/gpio.c.obj
LOAD CMakeFiles/test.dir/home/chapahrroh/RB_pico/pico/pico-sdk/src/rp2_common/hardware_claim/claim.c.obj
LOAD CMakeFiles/test.dir/home/chapahrroh/RB_pico/pico/pico-sdk/src/rp2_common/pico_platform/platform.c.obj
LOAD CMakeFiles/test.dir/home/chapahrroh/RB_pico/pico/pico-sdk/src/rp2_common/hardware_sync/sync.c.obj
LOAD CMakeFiles/test.dir/home/chapahrroh/RB_pico/pico/pico-sdk/src/rp2_common/hardware_irq/irq.c.obj
LOAD CMakeFiles/test.dir/home/chapahrroh/RB_pico/pico/pico-sdk/src/rp2_common/hardware_irq/irq_handler_chain.S.obj
LOAD CMakeFiles/test.dir/home/chapahrroh/RB_pico/pico/pico-sdk/src/common/pico_sync/sem.c.obj
LOAD CMakeFiles/test.dir/home/chapahrroh/RB_pico/pico/pico-sdk/src/common/pico_sync/lock_core.c.obj
LOAD CMakeFiles/test.dir/home/chapahrroh/RB_pico/pico/pico-sdk/src/common/pico_time/time.c.obj
LOAD CMakeFiles/test.dir/home/chapahrroh/RB_pico/pico/pico-sdk/src/common/pico_time/timeout_helper.c.obj
LOAD CMakeFiles/test.dir/home/chapahrroh/RB_pico/pico/pico-sdk/src/rp2_common/hardware_timer/timer.c.obj
LOAD CMakeFiles/test.dir/home/chapahrroh/RB_pico/pico/pico-sdk/src/common/pico_util/datetime.c.obj
LOAD CMakeFiles/test.dir/home/chapahrroh/RB_pico/pico/pico-sdk/src/common/pico_util/pheap.c.obj
LOAD CMakeFiles/test.dir/home/chapahrroh/RB_pico/pico/pico-sdk/src/common/pico_util/queue.c.obj
LOAD CMakeFiles/test.dir/home/chapahrroh/RB_pico/pico/pico-sdk/src/common/pico_sync/mutex.c.obj
LOAD CMakeFiles/test.dir/home/chapahrroh/RB_pico/pico/pico-sdk/src/common/pico_sync/critical_section.c.obj
LOAD CMakeFiles/test.dir/home/chapahrroh/RB_pico/pico/pico-sdk/src/rp2_common/hardware_uart/uart.c.obj
LOAD CMakeFiles/test.dir/home/chapahrroh/RB_pico/pico/pico-sdk/src/rp2_common/hardware_divider/divider.S.obj
LOAD CMakeFiles/test.dir/home/chapahrroh/RB_pico/pico/pico-sdk/src/rp2_common/pico_runtime/runtime.c.obj
LOAD CMakeFiles/test.dir/home/chapahrroh/RB_pico/pico/pico-sdk/src/rp2_common/hardware_clocks/clocks.c.obj
LOAD CMakeFiles/test.dir/home/chapahrroh/RB_pico/pico/pico-sdk/src/rp2_common/hardware_pll/pll.c.obj
LOAD CMakeFiles/test.dir/home/chapahrroh/RB_pico/pico/pico-sdk/src/rp2_common/hardware_vreg/vreg.c.obj
LOAD CMakeFiles/test.dir/home/chapahrroh/RB_pico/pico/pico-sdk/src/rp2_common/hardware_watchdog/watchdog.c.obj
LOAD CMakeFiles/test.dir/home/chapahrroh/RB_pico/pico/pico-sdk/src/rp2_common/hardware_xosc/xosc.c.obj
LOAD CMakeFiles/test.dir/home/chapahrroh/RB_pico/pico/pico-sdk/src/rp2_common/pico_printf/printf.c.obj
LOAD CMakeFiles/test.dir/home/chapahrroh/RB_pico/pico/pico-sdk/src/rp2_common/pico_bit_ops/bit_ops_aeabi.S.obj
LOAD CMakeFiles/test.dir/home/chapahrroh/RB_pico/pico/pico-sdk/src/rp2_common/pico_bootrom/bootrom.c.obj
LOAD CMakeFiles/test.dir/home/chapahrroh/RB_pico/pico/pico-sdk/src/rp2_common/pico_divider/divider.S.obj
LOAD CMakeFiles/test.dir/home/chapahrroh/RB_pico/pico/pico-sdk/src/rp2_common/pico_double/double_aeabi.S.obj
LOAD CMakeFiles/test.dir/home/chapahrroh/RB_pico/pico/pico-sdk/src/rp2_common/pico_double/double_init_rom.c.obj
LOAD CMakeFiles/test.dir/home/chapahrroh/RB_pico/pico/pico-sdk/src/rp2_common/pico_double/double_math.c.obj
LOAD CMakeFiles/test.dir/home/chapahrroh/RB_pico/pico/pico-sdk/src/rp2_common/pico_double/double_v1_rom_shim.S.obj
LOAD CMakeFiles/test.dir/home/chapahrroh/RB_pico/pico/pico-sdk/src/rp2_common/pico_int64_ops/pico_int64_ops_aeabi.S.obj
LOAD CMakeFiles/test.dir/home/chapahrroh/RB_pico/pico/pico-sdk/src/rp2_common/pico_float/float_aeabi.S.obj
LOAD CMakeFiles/test.dir/home/chapahrroh/RB_pico/pico/pico-sdk/src/rp2_common/pico_float/float_init_rom.c.obj
LOAD CMakeFiles/test.dir/home/chapahrroh/RB_pico/pico/pico-sdk/src/rp2_common/pico_float/float_math.c.obj
LOAD CMakeFiles/test.dir/home/chapahrroh/RB_pico/pico/pico-sdk/src/rp2_common/pico_float/float_v1_rom_shim.S.obj
LOAD CMakeFiles/test.dir/home/chapahrroh/RB_pico/pico/pico-sdk/src/rp2_common/pico_malloc/pico_malloc.c.obj
LOAD CMakeFiles/test.dir/home/chapahrroh/RB_pico/pico/pico-sdk/src/rp2_common/pico_mem_ops/mem_ops_aeabi.S.obj
LOAD CMakeFiles/test.dir/home/chapahrroh/RB_pico/pico/pico-sdk/src/rp2_common/pico_standard_link/crt0.S.obj
LOAD CMakeFiles/test.dir/home/chapahrroh/RB_pico/pico/pico-sdk/src/rp2_common/pico_standard_link/new_delete.cpp.obj
LOAD CMakeFiles/test.dir/home/chapahrroh/RB_pico/pico/pico-sdk/src/rp2_common/pico_standard_link/binary_info.c.obj
LOAD CMakeFiles/test.dir/home/chapahrroh/RB_pico/pico/pico-sdk/src/rp2_common/pico_stdio/stdio.c.obj
LOAD CMakeFiles/test.dir/home/chapahrroh/RB_pico/pico/pico-sdk/src/rp2_common/pico_stdio_usb/reset_interface.c.obj
LOAD CMakeFiles/test.dir/home/chapahrroh/RB_pico/pico/pico-sdk/src/rp2_common/pico_stdio_usb/stdio_usb.c.obj
LOAD CMakeFiles/test.dir/home/chapahrroh/RB_pico/pico/pico-sdk/src/rp2_common/pico_stdio_usb/stdio_usb_descriptors.c.obj
LOAD CMakeFiles/test.dir/home/chapahrroh/RB_pico/pico/pico-sdk/lib/tinyusb/src/portable/raspberrypi/rp2040/dcd_rp2040.c.obj
LOAD CMakeFiles/test.dir/home/chapahrroh/RB_pico/pico/pico-sdk/lib/tinyusb/src/portable/raspberrypi/rp2040/rp2040_usb.c.obj
LOAD CMakeFiles/test.dir/home/chapahrroh/RB_pico/pico/pico-sdk/lib/tinyusb/src/device/usbd.c.obj
LOAD CMakeFiles/test.dir/home/chapahrroh/RB_pico/pico/pico-sdk/lib/tinyusb/src/device/usbd_control.c.obj
LOAD CMakeFiles/test.dir/home/chapahrroh/RB_pico/pico/pico-sdk/lib/tinyusb/src/class/audio/audio_device.c.obj
LOAD CMakeFiles/test.dir/home/chapahrroh/RB_pico/pico/pico-sdk/lib/tinyusb/src/class/cdc/cdc_device.c.obj
LOAD CMakeFiles/test.dir/home/chapahrroh/RB_pico/pico/pico-sdk/lib/tinyusb/src/class/dfu/dfu_device.c.obj
LOAD CMakeFiles/test.dir/home/chapahrroh/RB_pico/pico/pico-sdk/lib/tinyusb/src/class/dfu/dfu_rt_device.c.obj
LOAD CMakeFiles/test.dir/home/chapahrroh/RB_pico/pico/pico-sdk/lib/tinyusb/src/class/hid/hid_device.c.obj
LOAD CMakeFiles/test.dir/home/chapahrroh/RB_pico/pico/pico-sdk/lib/tinyusb/src/class/midi/midi_device.c.obj
LOAD CMakeFiles/test.dir/home/chapahrroh/RB_pico/pico/pico-sdk/lib/tinyusb/src/class/msc/msc_device.c.obj
LOAD CMakeFiles/test.dir/home/chapahrroh/RB_pico/pico/pico-sdk/lib/tinyusb/src/class/net/ecm_rndis_device.c.obj
LOAD CMakeFiles/test.dir/home/chapahrroh/RB_pico/pico/pico-sdk/lib/tinyusb/src/class/net/ncm_device.c.obj
LOAD CMakeFiles/test.dir/home/chapahrroh/RB_pico/pico/pico-sdk/lib/tinyusb/src/class/usbtmc/usbtmc_device.c.obj
LOAD CMakeFiles/test.dir/home/chapahrroh/RB_pico/pico/pico-sdk/lib/tinyusb/src/class/vendor/vendor_device.c.obj
LOAD CMakeFiles/test.dir/home/chapahrroh/RB_pico/pico/pico-sdk/lib/tinyusb/src/class/video/video_device.c.obj
LOAD CMakeFiles/test.dir/home/chapahrroh/RB_pico/pico/pico-sdk/lib/tinyusb/src/tusb.c.obj
LOAD CMakeFiles/test.dir/home/chapahrroh/RB_pico/pico/pico-sdk/lib/tinyusb/src/common/tusb_fifo.c.obj
LOAD CMakeFiles/test.dir/home/chapahrroh/RB_pico/pico/pico-sdk/src/rp2_common/pico_fix/rp2040_usb_device_enumeration/rp2040_usb_device_enumeration.c.obj
LOAD CMakeFiles/test.dir/home/chapahrroh/RB_pico/pico/pico-sdk/src/rp2_common/pico_unique_id/unique_id.c.obj
LOAD CMakeFiles/test.dir/home/chapahrroh/RB_pico/pico/pico-sdk/src/rp2_common/hardware_flash/flash.c.obj
LOAD /tmp/ccVSHOo9.o
LOAD /usr/lib/gcc/arm-none-eabi/9.2.1/../../../arm-none-eabi/lib/thumb/v6-m/nofp/libstdc++.a
LOAD /usr/lib/gcc/arm-none-eabi/9.2.1/../../../arm-none-eabi/lib/thumb/v6-m/nofp/libm.a
START GROUP
LOAD /usr/lib/gcc/arm-none-eabi/9.2.1/thumb/v6-m/nofp/libgcc.a
LOAD /usr/lib/gcc/arm-none-eabi/9.2.1/../../../arm-none-eabi/lib/thumb/v6-m/nofp/libg.a
LOAD /usr/lib/gcc/arm-none-eabi/9.2.1/../../../arm-none-eabi/lib/thumb/v6-m/nofp/libc.a
END GROUP
START GROUP
LOAD /usr/lib/gcc/arm-none-eabi/9.2.1/thumb/v6-m/nofp/libgcc.a
LOAD /usr/lib/gcc/arm-none-eabi/9.2.1/../../../arm-none-eabi/lib/thumb/v6-m/nofp/libc.a
LOAD /usr/lib/gcc/arm-none-eabi/9.2.1/../../../arm-none-eabi/lib/thumb/v6-m/nofp/libnosys.a
END GROUP
LOAD /usr/lib/gcc/arm-none-eabi/9.2.1/thumb/v6-m/nofp/crtend.o
LOAD /usr/lib/gcc/arm-none-eabi/9.2.1/thumb/v6-m/nofp/crtn.o
OUTPUT(test.elf elf32-littlearm)
LOAD linker stubs

.ARM.attributes
                0x0000000000000000       0x28
 .ARM.attributes
                0x0000000000000000       0x1e /usr/lib/gcc/arm-none-eabi/9.2.1/thumb/v6-m/nofp/crti.o
 .ARM.attributes
                0x000000000000001e       0x2c /usr/lib/gcc/arm-none-eabi/9.2.1/thumb/v6-m/nofp/crtbegin.o
 .ARM.attributes
                0x000000000000004a       0x2c CMakeFiles/test.dir/test.c.obj
 .ARM.attributes
                0x0000000000000076       0x2c CMakeFiles/test.dir/home/chapahrroh/RB_pico/pico/pico-sdk/src/rp2_common/hardware_claim/claim.c.obj
 .ARM.attributes
                0x00000000000000a2       0x2c CMakeFiles/test.dir/home/chapahrroh/RB_pico/pico/pico-sdk/src/rp2_common/pico_platform/platform.c.obj
 .ARM.attributes
                0x00000000000000ce       0x2c CMakeFiles/test.dir/home/chapahrroh/RB_pico/pico/pico-sdk/src/rp2_common/hardware_sync/sync.c.obj
 .ARM.attributes
                0x00000000000000fa       0x2c CMakeFiles/test.dir/home/chapahrroh/RB_pico/pico/pico-sdk/src/rp2_common/hardware_irq/irq.c.obj
 .ARM.attributes
                0x0000000000000126       0x22 CMakeFiles/test.dir/home/chapahrroh/RB_pico/pico/pico-sdk/src/rp2_common/hardware_irq/irq_handler_chain.S.obj
 .ARM.attributes
                0x0000000000000148       0x2c CMakeFiles/test.dir/home/chapahrroh/RB_pico/pico/pico-sdk/src/common/pico_sync/lock_core.c.obj
 .ARM.attributes
                0x0000000000000174       0x2c CMakeFiles/test.dir/home/chapahrroh/RB_pico/pico/pico-sdk/src/common/pico_time/time.c.obj
 .ARM.attributes
                0x00000000000001a0       0x2c CMakeFiles/test.dir/home/chapahrroh/RB_pico/pico/pico-sdk/src/rp2_common/hardware_timer/timer.c.obj
 .ARM.attributes
                0x00000000000001cc       0x2c CMakeFiles/test.dir/home/chapahrroh/RB_pico/pico/pico-sdk/src/common/pico_util/pheap.c.obj
 .ARM.attributes
                0x00000000000001f8       0x2c CMakeFiles/test.dir/home/chapahrroh/RB_pico/pico/pico-sdk/src/common/pico_sync/mutex.c.obj
 .ARM.attributes
                0x0000000000000224       0x2c CMakeFiles/test.dir/home/chapahrroh/RB_pico/pico/pico-sdk/src/rp2_common/pico_runtime/runtime.c.obj
 .ARM.attributes
                0x0000000000000250       0x2c CMakeFiles/test.dir/home/chapahrroh/RB_pico/pico/pico-sdk/src/rp2_common/hardware_clocks/clocks.c.obj
 .ARM.attributes
                0x000000000000027c       0x2c CMakeFiles/test.dir/home/chapahrroh/RB_pico/pico/pico-sdk/src/rp2_common/hardware_pll/pll.c.obj
 .ARM.attributes
                0x00000000000002a8       0x2c CMakeFiles/test.dir/home/chapahrroh/RB_pico/pico/pico-sdk/src/rp2_common/hardware_watchdog/watchdog.c.obj
 .ARM.attributes
                0x00000000000002d4       0x2c CMakeFiles/test.dir/home/chapahrroh/RB_pico/pico/pico-sdk/src/rp2_common/hardware_xosc/xosc.c.obj
 .ARM.attributes
                0x0000000000000300       0x2c CMakeFiles/test.dir/home/chapahrroh/RB_pico/pico/pico-sdk/src/rp2_common/pico_printf/printf.c.obj
 .ARM.attributes
                0x000000000000032c       0x22 CMakeFiles/test.dir/home/chapahrroh/RB_pico/pico/pico-sdk/src/rp2_common/pico_bit_ops/bit_ops_aeabi.S.obj
 .ARM.attributes
                0x000000000000034e       0x2c CMakeFiles/test.dir/home/chapahrroh/RB_pico/pico/pico-sdk/src/rp2_common/pico_bootrom/bootrom.c.obj
 .ARM.attributes
                0x000000000000037a       0x22 CMakeFiles/test.dir/home/chapahrroh/RB_pico/pico/pico-sdk/src/rp2_common/pico_divider/divider.S.obj
 .ARM.attributes
                0x000000000000039c       0x22 CMakeFiles/test.dir/home/chapahrroh/RB_pico/pico/pico-sdk/src/rp2_common/pico_double/double_aeabi.S.obj
 .ARM.attributes
                0x00000000000003be       0x2c CMakeFiles/test.dir/home/chapahrroh/RB_pico/pico/pico-sdk/src/rp2_common/pico_double/double_init_rom.c.obj
 .ARM.attributes
                0x00000000000003ea       0x22 CMakeFiles/test.dir/home/chapahrroh/RB_pico/pico/pico-sdk/src/rp2_common/pico_double/double_v1_rom_shim.S.obj
 .ARM.attributes
                0x000000000000040c       0x22 CMakeFiles/test.dir/home/chapahrroh/RB_pico/pico/pico-sdk/src/rp2_common/pico_int64_ops/pico_int64_ops_aeabi.S.obj
 .ARM.attributes
                0x000000000000042e       0x22 CMakeFiles/test.dir/home/chapahrroh/RB_pico/pico/pico-sdk/src/rp2_common/pico_float/float_aeabi.S.obj
 .ARM.attributes
                0x0000000000000450       0x2c CMakeFiles/test.dir/home/chapahrroh/RB_pico/pico/pico-sdk/src/rp2_common/pico_float/float_init_rom.c.obj
 .ARM.attributes
                0x000000000000047c       0x22 CMakeFiles/test.dir/home/chapahrroh/RB_pico/pico/pico-sdk/src/rp2_common/pico_float/float_v1_rom_shim.S.obj
 .ARM.attributes
                0x000000000000049e       0x22 CMakeFiles/test.dir/home/chapahrroh/RB_pico/pico/pico-sdk/src/rp2_common/pico_mem_ops/mem_ops_aeabi.S.obj
 .ARM.attributes
                0x00000000000004c0       0x22 CMakeFiles/test.dir/home/chapahrroh/RB_pico/pico/pico-sdk/src/rp2_common/pico_standard_link/crt0.S.obj
 .ARM.attributes
                0x00000000000004e2       0x32 CMakeFiles/test.dir/home/chapahrroh/RB_pico/pico/pico-sdk/src/rp2_common/pico_standard_link/binary_info.c.obj
 .ARM.attributes
                0x0000000000000514       0x2c CMakeFiles/test.dir/home/chapahrroh/RB_pico/pico/pico-sdk/src/rp2_common/pico_stdio/stdio.c.obj
 .ARM.attributes
                0x0000000000000540       0x2c CMakeFiles/test.dir/home/chapahrroh/RB_pico/pico/pico-sdk/src/rp2_common/pico_unique_id/unique_id.c.obj
 .ARM.attributes
                0x000000000000056c       0x2c CMakeFiles/test.dir/home/chapahrroh/RB_pico/pico/pico-sdk/src/rp2_common/hardware_flash/flash.c.obj
 .ARM.attributes
                0x0000000000000598       0x22 /tmp/ccVSHOo9.o
 .ARM.attributes
                0x00000000000005ba       0x1e /usr/lib/gcc/arm-none-eabi/9.2.1/thumb/v6-m/nofp/libgcc.a(_dvmd_tls.o)
 .ARM.attributes
                0x00000000000005d8       0x2c /usr/lib/gcc/arm-none-eabi/9.2.1/../../../arm-none-eabi/lib/thumb/v6-m/nofp/libg.a(lib_a-strlen-stub.o)
 .ARM.attributes
                0x0000000000000604       0x2c /usr/lib/gcc/arm-none-eabi/9.2.1/thumb/v6-m/nofp/crtend.o

.comment        0x0000000000000000       0xa7
 .comment       0x0000000000000000       0x59 /usr/lib/gcc/arm-none-eabi/9.2.1/thumb/v6-m/nofp/crtbegin.o
                                         0x5a (size before relaxing)
 .comment       0x0000000000000059       0x5a CMakeFiles/test.dir/test.c.obj
 .comment       0x0000000000000059       0x5a CMakeFiles/test.dir/home/chapahrroh/RB_pico/pico/pico-sdk/src/rp2_common/hardware_claim/claim.c.obj
 .comment       0x0000000000000059       0x5a CMakeFiles/test.dir/home/chapahrroh/RB_pico/pico/pico-sdk/src/rp2_common/pico_platform/platform.c.obj
 .comment       0x0000000000000059       0x5a CMakeFiles/test.dir/home/chapahrroh/RB_pico/pico/pico-sdk/src/rp2_common/hardware_sync/sync.c.obj
 .comment       0x0000000000000059       0x5a CMakeFiles/test.dir/home/chapahrroh/RB_pico/pico/pico-sdk/src/rp2_common/hardware_irq/irq.c.obj
 .comment       0x0000000000000059       0x5a CMakeFiles/test.dir/home/chapahrroh/RB_pico/pico/pico-sdk/src/common/pico_sync/lock_core.c.obj
 .comment       0x0000000000000059       0x5a CMakeFiles/test.dir/home/chapahrroh/RB_pico/pico/pico-sdk/src/common/pico_time/time.c.obj
 .comment       0x0000000000000059       0x5a CMakeFiles/test.dir/home/chapahrroh/RB_pico/pico/pico-sdk/src/rp2_common/hardware_timer/timer.c.obj
 .comment       0x0000000000000059       0x5a CMakeFiles/test.dir/home/chapahrroh/RB_pico/pico/pico-sdk/src/common/pico_util/pheap.c.obj
 .comment       0x0000000000000059       0x5a CMakeFiles/test.dir/home/chapahrroh/RB_pico/pico/pico-sdk/src/common/pico_sync/mutex.c.obj
 .comment       0x0000000000000059       0x5a CMakeFiles/test.dir/home/chapahrroh/RB_pico/pico/pico-sdk/src/rp2_common/pico_runtime/runtime.c.obj
 .comment       0x0000000000000059       0x5a CMakeFiles/test.dir/home/chapahrroh/RB_pico/pico/pico-sdk/src/rp2_common/hardware_clocks/clocks.c.obj
 .comment       0x0000000000000059       0x5a CMakeFiles/test.dir/home/chapahrroh/RB_pico/pico/pico-sdk/src/rp2_common/hardware_pll/pll.c.obj
 .comment       0x0000000000000059       0x5a CMakeFiles/test.dir/home/chapahrroh/RB_pico/pico/pico-sdk/src/rp2_common/hardware_watchdog/watchdog.c.obj
 .comment       0x0000000000000059       0x5a CMakeFiles/test.dir/home/chapahrroh/RB_pico/pico/pico-sdk/src/rp2_common/hardware_xosc/xosc.c.obj
 .comment       0x0000000000000059       0x5a CMakeFiles/test.dir/home/chapahrroh/RB_pico/pico/pico-sdk/src/rp2_common/pico_printf/printf.c.obj
 .comment       0x0000000000000059       0x5a CMakeFiles/test.dir/home/chapahrroh/RB_pico/pico/pico-sdk/src/rp2_common/pico_bootrom/bootrom.c.obj
 .comment       0x0000000000000059       0x5a CMakeFiles/test.dir/home/chapahrroh/RB_pico/pico/pico-sdk/src/rp2_common/pico_double/double_init_rom.c.obj
 .comment       0x0000000000000059       0x5a CMakeFiles/test.dir/home/chapahrroh/RB_pico/pico/pico-sdk/src/rp2_common/pico_float/float_init_rom.c.obj
 .comment       0x0000000000000059       0x5a CMakeFiles/test.dir/home/chapahrroh/RB_pico/pico/pico-sdk/src/rp2_common/pico_standard_link/binary_info.c.obj
 .comment       0x0000000000000059       0x5a CMakeFiles/test.dir/home/chapahrroh/RB_pico/pico/pico-sdk/src/rp2_common/pico_stdio/stdio.c.obj
 .comment       0x0000000000000059       0x5a CMakeFiles/test.dir/home/chapahrroh/RB_pico/pico/pico-sdk/src/rp2_common/pico_unique_id/unique_id.c.obj
 .comment       0x0000000000000059       0x5a CMakeFiles/test.dir/home/chapahrroh/RB_pico/pico/pico-sdk/src/rp2_common/hardware_flash/flash.c.obj
 .comment       0x0000000000000059       0x4e /usr/lib/gcc/arm-none-eabi/9.2.1/../../../arm-none-eabi/lib/thumb/v6-m/nofp/libg.a(lib_a-strlen-stub.o)
                                         0x4f (size before relaxing)
 .comment       0x00000000000000a7       0x5a /usr/lib/gcc/arm-none-eabi/9.2.1/thumb/v6-m/nofp/crtend.o

.debug_info     0x0000000000000000    0x165e2
 .debug_info    0x0000000000000000      0x16f CMakeFiles/test.dir/test.c.obj
 .debug_info    0x000000000000016f      0x6a3 CMakeFiles/test.dir/home/chapahrroh/RB_pico/pico/pico-sdk/src/rp2_common/hardware_claim/claim.c.obj
 .debug_info    0x0000000000000812      0x1cb CMakeFiles/test.dir/home/chapahrroh/RB_pico/pico/pico-sdk/src/rp2_common/pico_platform/platform.c.obj
 .debug_info    0x00000000000009dd      0x576 CMakeFiles/test.dir/home/chapahrroh/RB_pico/pico/pico-sdk/src/rp2_common/hardware_sync/sync.c.obj
 .debug_info    0x0000000000000f53     0x1c3b CMakeFiles/test.dir/home/chapahrroh/RB_pico/pico/pico-sdk/src/rp2_common/hardware_irq/irq.c.obj
 .debug_info    0x0000000000002b8e       0x26 CMakeFiles/test.dir/home/chapahrroh/RB_pico/pico/pico-sdk/src/rp2_common/hardware_irq/irq_handler_chain.S.obj
 .debug_info    0x0000000000002bb4      0x1e4 CMakeFiles/test.dir/home/chapahrroh/RB_pico/pico/pico-sdk/src/common/pico_sync/lock_core.c.obj
 .debug_info    0x0000000000002d98     0x435e CMakeFiles/test.dir/home/chapahrroh/RB_pico/pico/pico-sdk/src/common/pico_time/time.c.obj
 .debug_info    0x00000000000070f6     0x10e6 CMakeFiles/test.dir/home/chapahrroh/RB_pico/pico/pico-sdk/src/rp2_common/hardware_timer/timer.c.obj
 .debug_info    0x00000000000081dc     0x1aa5 CMakeFiles/test.dir/home/chapahrroh/RB_pico/pico/pico-sdk/src/common/pico_util/pheap.c.obj
 .debug_info    0x0000000000009c81     0x1feb CMakeFiles/test.dir/home/chapahrroh/RB_pico/pico/pico-sdk/src/common/pico_sync/mutex.c.obj
 .debug_info    0x000000000000bc6c     0x1355 CMakeFiles/test.dir/home/chapahrroh/RB_pico/pico/pico-sdk/src/rp2_common/pico_runtime/runtime.c.obj
 .debug_info    0x000000000000cfc1      0xef9 CMakeFiles/test.dir/home/chapahrroh/RB_pico/pico/pico-sdk/src/rp2_common/hardware_clocks/clocks.c.obj
 .debug_info    0x000000000000deba      0x517 CMakeFiles/test.dir/home/chapahrroh/RB_pico/pico/pico-sdk/src/rp2_common/hardware_pll/pll.c.obj
 .debug_info    0x000000000000e3d1      0xd7e CMakeFiles/test.dir/home/chapahrroh/RB_pico/pico/pico-sdk/src/rp2_common/hardware_watchdog/watchdog.c.obj
 .debug_info    0x000000000000f14f      0x1c0 CMakeFiles/test.dir/home/chapahrroh/RB_pico/pico/pico-sdk/src/rp2_common/hardware_xosc/xosc.c.obj
 .debug_info    0x000000000000f30f     0x1fbf CMakeFiles/test.dir/home/chapahrroh/RB_pico/pico/pico-sdk/src/rp2_common/pico_printf/printf.c.obj
 .debug_info    0x00000000000112ce       0x22 CMakeFiles/test.dir/home/chapahrroh/RB_pico/pico/pico-sdk/src/rp2_common/pico_bit_ops/bit_ops_aeabi.S.obj
 .debug_info    0x00000000000112f0      0x258 CMakeFiles/test.dir/home/chapahrroh/RB_pico/pico/pico-sdk/src/rp2_common/pico_bootrom/bootrom.c.obj
 .debug_info    0x0000000000011548       0x22 CMakeFiles/test.dir/home/chapahrroh/RB_pico/pico/pico-sdk/src/rp2_common/pico_divider/divider.S.obj
 .debug_info    0x000000000001156a       0x22 CMakeFiles/test.dir/home/chapahrroh/RB_pico/pico/pico-sdk/src/rp2_common/pico_double/double_aeabi.S.obj
 .debug_info    0x000000000001158c      0xb2a CMakeFiles/test.dir/home/chapahrroh/RB_pico/pico/pico-sdk/src/rp2_common/pico_double/double_init_rom.c.obj
 .debug_info    0x00000000000120b6       0x22 CMakeFiles/test.dir/home/chapahrroh/RB_pico/pico/pico-sdk/src/rp2_common/pico_double/double_v1_rom_shim.S.obj
 .debug_info    0x00000000000120d8       0x26 CMakeFiles/test.dir/home/chapahrroh/RB_pico/pico/pico-sdk/src/rp2_common/pico_int64_ops/pico_int64_ops_aeabi.S.obj
 .debug_info    0x00000000000120fe       0x22 CMakeFiles/test.dir/home/chapahrroh/RB_pico/pico/pico-sdk/src/rp2_common/pico_float/float_aeabi.S.obj
 .debug_info    0x0000000000012120      0xb44 CMakeFiles/test.dir/home/chapahrroh/RB_pico/pico/pico-sdk/src/rp2_common/pico_float/float_init_rom.c.obj
 .debug_info    0x0000000000012c64       0x22 CMakeFiles/test.dir/home/chapahrroh/RB_pico/pico/pico-sdk/src/rp2_common/pico_float/float_v1_rom_shim.S.obj
 .debug_info    0x0000000000012c86       0x22 CMakeFiles/test.dir/home/chapahrroh/RB_pico/pico/pico-sdk/src/rp2_common/pico_mem_ops/mem_ops_aeabi.S.obj
 .debug_info    0x0000000000012ca8       0x22 CMakeFiles/test.dir/home/chapahrroh/RB_pico/pico/pico-sdk/src/rp2_common/pico_standard_link/crt0.S.obj
 .debug_info    0x0000000000012cca      0x2c6 CMakeFiles/test.dir/home/chapahrroh/RB_pico/pico/pico-sdk/src/rp2_common/pico_standard_link/binary_info.c.obj
 .debug_info    0x0000000000012f90     0x1b7c CMakeFiles/test.dir/home/chapahrroh/RB_pico/pico/pico-sdk/src/rp2_common/pico_stdio/stdio.c.obj
 .debug_info    0x0000000000014b0c      0x24b CMakeFiles/test.dir/home/chapahrroh/RB_pico/pico/pico-sdk/src/rp2_common/pico_unique_id/unique_id.c.obj
 .debug_info    0x0000000000014d57      0xef2 CMakeFiles/test.dir/home/chapahrroh/RB_pico/pico/pico-sdk/src/rp2_common/hardware_flash/flash.c.obj
 .debug_info    0x0000000000015c49       0x26 /usr/lib/gcc/arm-none-eabi/9.2.1/thumb/v6-m/nofp/libgcc.a(_dvmd_tls.o)
 .debug_info    0x0000000000015c6f      0x973 /usr/lib/gcc/arm-none-eabi/9.2.1/../../../arm-none-eabi/lib/thumb/v6-m/nofp/libg.a(lib_a-strlen-stub.o)

.debug_abbrev   0x0000000000000000     0x4504
 .debug_abbrev  0x0000000000000000      0x113 CMakeFiles/test.dir/test.c.obj
 .debug_abbrev  0x0000000000000113      0x2e9 CMakeFiles/test.dir/home/chapahrroh/RB_pico/pico/pico-sdk/src/rp2_common/hardware_claim/claim.c.obj
 .debug_abbrev  0x00000000000003fc       0xeb CMakeFiles/test.dir/home/chapahrroh/RB_pico/pico/pico-sdk/src/rp2_common/pico_platform/platform.c.obj
 .debug_abbrev  0x00000000000004e7      0x21b CMakeFiles/test.dir/home/chapahrroh/RB_pico/pico/pico-sdk/src/rp2_common/hardware_sync/sync.c.obj
 .debug_abbrev  0x0000000000000702      0x50b CMakeFiles/test.dir/home/chapahrroh/RB_pico/pico/pico-sdk/src/rp2_common/hardware_irq/irq.c.obj
 .debug_abbrev  0x0000000000000c0d       0x14 CMakeFiles/test.dir/home/chapahrroh/RB_pico/pico/pico-sdk/src/rp2_common/hardware_irq/irq_handler_chain.S.obj
 .debug_abbrev  0x0000000000000c21      0x138 CMakeFiles/test.dir/home/chapahrroh/RB_pico/pico/pico-sdk/src/common/pico_sync/lock_core.c.obj
 .debug_abbrev  0x0000000000000d59      0x628 CMakeFiles/test.dir/home/chapahrroh/RB_pico/pico/pico-sdk/src/common/pico_time/time.c.obj
 .debug_abbrev  0x0000000000001381      0x3b1 CMakeFiles/test.dir/home/chapahrroh/RB_pico/pico/pico-sdk/src/rp2_common/hardware_timer/timer.c.obj
 .debug_abbrev  0x0000000000001732      0x3ad CMakeFiles/test.dir/home/chapahrroh/RB_pico/pico/pico-sdk/src/common/pico_util/pheap.c.obj
 .debug_abbrev  0x0000000000001adf      0x3aa CMakeFiles/test.dir/home/chapahrroh/RB_pico/pico/pico-sdk/src/common/pico_sync/mutex.c.obj
 .debug_abbrev  0x0000000000001e89      0x4a1 CMakeFiles/test.dir/home/chapahrroh/RB_pico/pico/pico-sdk/src/rp2_common/pico_runtime/runtime.c.obj
 .debug_abbrev  0x000000000000232a      0x3b6 CMakeFiles/test.dir/home/chapahrroh/RB_pico/pico/pico-sdk/src/rp2_common/hardware_clocks/clocks.c.obj
 .debug_abbrev  0x00000000000026e0      0x1ee CMakeFiles/test.dir/home/chapahrroh/RB_pico/pico/pico-sdk/src/rp2_common/hardware_pll/pll.c.obj
 .debug_abbrev  0x00000000000028ce      0x2cf CMakeFiles/test.dir/home/chapahrroh/RB_pico/pico/pico-sdk/src/rp2_common/hardware_watchdog/watchdog.c.obj
 .debug_abbrev  0x0000000000002b9d      0x109 CMakeFiles/test.dir/home/chapahrroh/RB_pico/pico/pico-sdk/src/rp2_common/hardware_xosc/xosc.c.obj
 .debug_abbrev  0x0000000000002ca6      0x4a1 CMakeFiles/test.dir/home/chapahrroh/RB_pico/pico/pico-sdk/src/rp2_common/pico_printf/printf.c.obj
 .debug_abbrev  0x0000000000003147       0x12 CMakeFiles/test.dir/home/chapahrroh/RB_pico/pico/pico-sdk/src/rp2_common/pico_bit_ops/bit_ops_aeabi.S.obj
 .debug_abbrev  0x0000000000003159      0x13b CMakeFiles/test.dir/home/chapahrroh/RB_pico/pico/pico-sdk/src/rp2_common/pico_bootrom/bootrom.c.obj
 .debug_abbrev  0x0000000000003294       0x12 CMakeFiles/test.dir/home/chapahrroh/RB_pico/pico/pico-sdk/src/rp2_common/pico_divider/divider.S.obj
 .debug_abbrev  0x00000000000032a6       0x12 CMakeFiles/test.dir/home/chapahrroh/RB_pico/pico/pico-sdk/src/rp2_common/pico_double/double_aeabi.S.obj
 .debug_abbrev  0x00000000000032b8      0x2c2 CMakeFiles/test.dir/home/chapahrroh/RB_pico/pico/pico-sdk/src/rp2_common/pico_double/double_init_rom.c.obj
 .debug_abbrev  0x000000000000357a       0x12 CMakeFiles/test.dir/home/chapahrroh/RB_pico/pico/pico-sdk/src/rp2_common/pico_double/double_v1_rom_shim.S.obj
 .debug_abbrev  0x000000000000358c       0x14 CMakeFiles/test.dir/home/chapahrroh/RB_pico/pico/pico-sdk/src/rp2_common/pico_int64_ops/pico_int64_ops_aeabi.S.obj
 .debug_abbrev  0x00000000000035a0       0x12 CMakeFiles/test.dir/home/chapahrroh/RB_pico/pico/pico-sdk/src/rp2_common/pico_float/float_aeabi.S.obj
 .debug_abbrev  0x00000000000035b2      0x2d5 CMakeFiles/test.dir/home/chapahrroh/RB_pico/pico/pico-sdk/src/rp2_common/pico_float/float_init_rom.c.obj
 .debug_abbrev  0x0000000000003887       0x12 CMakeFiles/test.dir/home/chapahrroh/RB_pico/pico/pico-sdk/src/rp2_common/pico_float/float_v1_rom_shim.S.obj
 .debug_abbrev  0x0000000000003899       0x12 CMakeFiles/test.dir/home/chapahrroh/RB_pico/pico/pico-sdk/src/rp2_common/pico_mem_ops/mem_ops_aeabi.S.obj
 .debug_abbrev  0x00000000000038ab       0x12 CMakeFiles/test.dir/home/chapahrroh/RB_pico/pico/pico-sdk/src/rp2_common/pico_standard_link/crt0.S.obj
 .debug_abbrev  0x00000000000038bd       0xad CMakeFiles/test.dir/home/chapahrroh/RB_pico/pico/pico-sdk/src/rp2_common/pico_standard_link/binary_info.c.obj
 .debug_abbrev  0x000000000000396a      0x585 CMakeFiles/test.dir/home/chapahrroh/RB_pico/pico/pico-sdk/src/rp2_common/pico_stdio/stdio.c.obj
 .debug_abbrev  0x0000000000003eef      0x163 CMakeFiles/test.dir/home/chapahrroh/RB_pico/pico/pico-sdk/src/rp2_common/pico_unique_id/unique_id.c.obj
 .debug_abbrev  0x0000000000004052      0x2b6 CMakeFiles/test.dir/home/chapahrroh/RB_pico/pico/pico-sdk/src/rp2_common/hardware_flash/flash.c.obj
 .debug_abbrev  0x0000000000004308       0x14 /usr/lib/gcc/arm-none-eabi/9.2.1/thumb/v6-m/nofp/libgcc.a(_dvmd_tls.o)
 .debug_abbrev  0x000000000000431c      0x1e8 /usr/lib/gcc/arm-none-eabi/9.2.1/../../../arm-none-eabi/lib/thumb/v6-m/nofp/libg.a(lib_a-strlen-stub.o)

.debug_aranges  0x0000000000000000      0xd10
 .debug_aranges
                0x0000000000000000       0x20 CMakeFiles/test.dir/test.c.obj
 .debug_aranges
                0x0000000000000020       0x48 CMakeFiles/test.dir/home/chapahrroh/RB_pico/pico/pico-sdk/src/rp2_common/hardware_claim/claim.c.obj
 .debug_aranges
                0x0000000000000068       0x28 CMakeFiles/test.dir/home/chapahrroh/RB_pico/pico/pico-sdk/src/rp2_common/pico_platform/platform.c.obj
 .debug_aranges
                0x0000000000000090       0x58 CMakeFiles/test.dir/home/chapahrroh/RB_pico/pico/pico-sdk/src/rp2_common/hardware_sync/sync.c.obj
 .debug_aranges
                0x00000000000000e8       0xc8 CMakeFiles/test.dir/home/chapahrroh/RB_pico/pico/pico-sdk/src/rp2_common/hardware_irq/irq.c.obj
 .debug_aranges
                0x00000000000001b0       0x20 CMakeFiles/test.dir/home/chapahrroh/RB_pico/pico/pico-sdk/src/rp2_common/hardware_irq/irq_handler_chain.S.obj
 .debug_aranges
                0x00000000000001d0       0x20 CMakeFiles/test.dir/home/chapahrroh/RB_pico/pico/pico-sdk/src/common/pico_sync/lock_core.c.obj
 .debug_aranges
                0x00000000000001f0       0xd0 CMakeFiles/test.dir/home/chapahrroh/RB_pico/pico/pico-sdk/src/common/pico_time/time.c.obj
 .debug_aranges
                0x00000000000002c0       0x78 CMakeFiles/test.dir/home/chapahrroh/RB_pico/pico/pico-sdk/src/rp2_common/hardware_timer/timer.c.obj
 .debug_aranges
                0x0000000000000338       0x78 CMakeFiles/test.dir/home/chapahrroh/RB_pico/pico/pico-sdk/src/common/pico_util/pheap.c.obj
 .debug_aranges
                0x00000000000003b0       0x88 CMakeFiles/test.dir/home/chapahrroh/RB_pico/pico/pico-sdk/src/common/pico_sync/mutex.c.obj
 .debug_aranges
                0x0000000000000438       0x60 CMakeFiles/test.dir/home/chapahrroh/RB_pico/pico/pico-sdk/src/rp2_common/pico_runtime/runtime.c.obj
 .debug_aranges
                0x0000000000000498       0x70 CMakeFiles/test.dir/home/chapahrroh/RB_pico/pico/pico-sdk/src/rp2_common/hardware_clocks/clocks.c.obj
 .debug_aranges
                0x0000000000000508       0x28 CMakeFiles/test.dir/home/chapahrroh/RB_pico/pico/pico-sdk/src/rp2_common/hardware_pll/pll.c.obj
 .debug_aranges
                0x0000000000000530       0x58 CMakeFiles/test.dir/home/chapahrroh/RB_pico/pico/pico-sdk/src/rp2_common/hardware_watchdog/watchdog.c.obj
 .debug_aranges
                0x0000000000000588       0x30 CMakeFiles/test.dir/home/chapahrroh/RB_pico/pico/pico-sdk/src/rp2_common/hardware_xosc/xosc.c.obj
 .debug_aranges
                0x00000000000005b8       0x90 CMakeFiles/test.dir/home/chapahrroh/RB_pico/pico/pico-sdk/src/rp2_common/pico_printf/printf.c.obj
 .debug_aranges
                0x0000000000000648       0x68 CMakeFiles/test.dir/home/chapahrroh/RB_pico/pico/pico-sdk/src/rp2_common/pico_bit_ops/bit_ops_aeabi.S.obj
 .debug_aranges